Archive member included to satisfy reference by file (symbol)

../../libDaisy/build\libdaisy.a(daisy_pod.o)
                              build/spiral2.0.o (daisy::DaisyPod::StartAudio(void (*)(float const* const*, float**, unsigned int)))
../../libDaisy/build\libdaisy.a(daisy_seed.o)
                              ../../libDaisy/build\libdaisy.a(daisy_pod.o) (daisy::DaisySeed::Configure())
../../libDaisy/build\libdaisy.a(codec_ak4556.o)
                              ../../libDaisy/build\libdaisy.a(daisy_seed.o) (daisy::Ak4556::Init(dsy_gpio_pin))
../../libDaisy/build\libdaisy.a(codec_wm8731.o)
                              ../../libDaisy/build\libdaisy.a(daisy_seed.o) (daisy::Wm8731::Init(daisy::Wm8731::Config const&, daisy::I2CHandle))
../../libDaisy/build\libdaisy.a(sdram.o)
                              build/spiral2.0.o (SdramHandle::Init())
../../libDaisy/build\libdaisy.a(audio.o)
                              ../../libDaisy/build\libdaisy.a(daisy_seed.o) (daisy::AudioHandle::Init(daisy::AudioHandle::Config const&, daisy::SaiHandle))
../../libDaisy/build\libdaisy.a(ctrl.o)
                              ../../libDaisy/build\libdaisy.a(daisy_pod.o) (daisy::AnalogControl::Init(unsigned short*, float, bool, bool, float))
../../libDaisy/build\libdaisy.a(encoder.o)
                              ../../libDaisy/build\libdaisy.a(daisy_pod.o) (daisy::Encoder::Init(dsy_gpio_pin, dsy_gpio_pin, dsy_gpio_pin, float))
../../libDaisy/build\libdaisy.a(logger.o)
                              build/spiral2.0.o (daisy::Logger<(daisy::LoggerDestination)1>::PrintLine(char const*, ...))
../../libDaisy/build\libdaisy.a(midi.o)
                              build/spiral2.0.o (daisy::MidiUartTransport::Config::Config())
../../libDaisy/build\libdaisy.a(midi_parser.o)
                              ../../libDaisy/build\libdaisy.a(daisy_pod.o) (daisy::MidiParser::Reset())
../../libDaisy/build\libdaisy.a(rgb_led.o)
                              ../../libDaisy/build\libdaisy.a(daisy_pod.o) (daisy::RgbLed::Init(dsy_gpio_pin, dsy_gpio_pin, dsy_gpio_pin, bool))
../../libDaisy/build\libdaisy.a(switch.o)
                              ../../libDaisy/build\libdaisy.a(daisy_pod.o) (daisy::Switch::Init(dsy_gpio_pin, float))
../../libDaisy/build\libdaisy.a(usb.o)
                              ../../libDaisy/build\libdaisy.a(logger.o) (daisy::UsbHandle::Init(daisy::UsbHandle::UsbPeriph))
../../libDaisy/build\libdaisy.a(adc.o)
                              ../../libDaisy/build\libdaisy.a(daisy_pod.o) (daisy::AdcChannelConfig::InitSingle(dsy_gpio_pin, daisy::AdcChannelConfig::ConversionSpeed))
../../libDaisy/build\libdaisy.a(gpio.o)
                              ../../libDaisy/build\libdaisy.a(daisy_seed.o) (daisy::GPIO::Init(daisy::Pin, daisy::GPIO::Mode, daisy::GPIO::Pull, daisy::GPIO::Speed))
../../libDaisy/build\libdaisy.a(i2c.o)
                              ../../libDaisy/build\libdaisy.a(daisy_seed.o) (daisy::I2CHandle::Init(daisy::I2CHandle::Config const&))
../../libDaisy/build\libdaisy.a(qspi.o)
                              ../../libDaisy/build\libdaisy.a(daisy_seed.o) (daisy::QSPIHandle::Init(daisy::QSPIHandle::Config const&))
../../libDaisy/build\libdaisy.a(sai.o)
                              ../../libDaisy/build\libdaisy.a(daisy_seed.o) (daisy::SaiHandle::Init(daisy::SaiHandle::Config const&))
../../libDaisy/build\libdaisy.a(uart.o)
                              ../../libDaisy/build\libdaisy.a(daisy_pod.o) (daisy::UartHandler::Init(daisy::UartHandler::Config const&))
../../libDaisy/build\libdaisy.a(dma.o)
                              ../../libDaisy/build\libdaisy.a(uart.o) (dsy_dma_invalidate_cache_for_buffer)
../../libDaisy/build\libdaisy.a(system.o)
                              ../../libDaisy/build\libdaisy.a(daisy_seed.o) (daisy::System::DeInit())
../../libDaisy/build\libdaisy.a(system_stm32h7xx.o)
                              build/startup_stm32h750xx.o (SystemInit)
../../libDaisy/build\libdaisy.a(usbd_cdc_if.o)
                              ../../libDaisy/build\libdaisy.a(usb.o) (CDC_Transmit_FS)
../../libDaisy/build\libdaisy.a(usbd_conf.o)
                              ../../libDaisy/build\libdaisy.a(system.o) (hpcd_USB_OTG_HS)
../../libDaisy/build\libdaisy.a(usbd_desc.o)
                              ../../libDaisy/build\libdaisy.a(usb.o) (HS_Desc)
../../libDaisy/build\libdaisy.a(usbh_conf.o)
                              ../../libDaisy/build\libdaisy.a(system.o) (hhcd_USB_OTG_HS)
../../libDaisy/build\libdaisy.a(color.o)
                              ../../libDaisy/build\libdaisy.a(daisy_pod.o) (daisy::Color::Init(daisy::Color::PresetColor))
../../libDaisy/build\libdaisy.a(hal_map.o)
                              ../../libDaisy/build\libdaisy.a(gpio.o) (dsy_hal_map_get_port)
../../libDaisy/build\libdaisy.a(stm32h7xx_hal.o)
                              ../../libDaisy/build\libdaisy.a(system.o) (HAL_Init)
../../libDaisy/build\libdaisy.a(stm32h7xx_hal_adc.o)
[...]
Memory Configuration

Name             Origin             Length             Attributes
FLASH            0x08000000         0x00020000         xr
DTCMRAM          0x20000000         0x00020000         xrw
SRAM             0x24000000         0x00080000         xrw
RAM_D2           0x30000000         0x00048000         xrw
RAM_D3           0x38000000         0x00010000         xrw
BACKUP_SRAM      0x38800000         0x00001000         xrw
ITCMRAM          0x00000000         0x00010000         xrw
SDRAM            0xc0000000         0x04000000         xrw
QSPIFLASH        0x90000000         0x00800000         xr
*default*        0x00000000         0xffffffff

Linker script and memory map

LOAD c:/program files/daisytoolchain/bin/../lib/gcc/arm-none-eabi/10.2.1/thumb/v7e-m+dp/hard/crti.o
LOAD c:/program files/daisytoolchain/bin/../lib/gcc/arm-none-eabi/10.2.1/thumb/v7e-m+dp/hard/crtbegin.o
LOAD c:/program files/daisytoolchain/bin/../lib/gcc/arm-none-eabi/10.2.1/../../../../arm-none-eabi/lib/thumb/v7e-m+dp/hard/crt0.o
LOAD build/startup_stm32h750xx.o
LOAD build/spiral2.0.o
LOAD ../../libDaisy/build\libdaisy.a
LOAD c:/program files/daisytoolchain/bin/../lib/gcc/arm-none-eabi/10.2.1/../../../../arm-none-eabi/lib/thumb/v7e-m+dp/hard\libnosys.a
LOAD ../../DaisySP/build\libdaisysp.a
LOAD c:/program files/daisytoolchain/bin/../lib/gcc/arm-none-eabi/10.2.1/../../../../arm-none-eabi/lib/thumb/v7e-m+dp/hard\libstdc++_nano.a
LOAD c:/program files/daisytoolchain/bin/../lib/gcc/arm-none-eabi/10.2.1/../../../../arm-none-eabi/lib/thumb/v7e-m+dp/hard\libm.a
LOAD c:/program files/daisytoolchain/bin/../lib/gcc/arm-none-eabi/10.2.1/../../../../arm-none-eabi/lib/thumb/v7e-m+dp/hard\libc_nano.a
START GROUP
LOAD c:/program files/daisytoolchain/bin/../lib/gcc/arm-none-eabi/10.2.1/thumb/v7e-m+dp/hard\libgcc.a
LOAD c:/program files/daisytoolchain/bin/../lib/gcc/arm-none-eabi/10.2.1/../../../../arm-none-eabi/lib/thumb/v7e-m+dp/hard\libc_nano.a
END GROUP
START GROUP
LOAD c:/program files/daisytoolchain/bin/../lib/gcc/arm-none-eabi/10.2.1/thumb/v7e-m+dp/hard\libgcc.a
LOAD c:/program files/daisytoolchain/bin/../lib/gcc/arm-none-eabi/10.2.1/../../../../arm-none-eabi/lib/thumb/v7e-m+dp/hard\libc_nano.a
LOAD c:/program files/daisytoolchain/bin/../lib/gcc/arm-none-eabi/10.2.1/../../../../arm-none-eabi/lib/thumb/v7e-m+dp/hard\libnosys.a
END GROUP
START GROUP
LOAD c:/program files/daisytoolchain/bin/../lib/gcc/arm-none-eabi/10.2.1/thumb/v7e-m+dp/hard\libgcc.a
LOAD c:/program files/daisytoolchain/bin/../lib/gcc/arm-none-eabi/10.2.1/../../../../arm-none-eabi/lib/thumb/v7e-m+dp/hard\libc_nano.a
LOAD c:/program files/daisytoolchain/bin/../lib/gcc/arm-none-eabi/10.2.1/../../../../arm-none-eabi/lib/thumb/v7e-m+dp/hard\libnosys.a
END GROUP
LOAD c:/program files/daisytoolchain/bin/../lib/gcc/arm-none-eabi/10.2.1/thumb/v7e-m+dp/hard/crtend.o
LOAD c:/program files/daisytoolchain/bin/../lib/gcc/arm-none-eabi/10.2.1/thumb/v7e-m+dp/hard/crtn.o
                0x20020000                _estack = 0x20020000

.isr_vector     0x08000000      0x298
                0x08000000                . = ALIGN (0x4)
 *(.isr_vector)
 .isr_vector    0x08000000      0x298 build/startup_stm32h750xx.o
                0x08000000                g_pfnVectors
                0x08000298                . = ALIGN (0x4)

.text           0x080002a0    0x15b70
                0x080002a0                . = ALIGN (0x4)
                0x080002a0                _stext = .
 *(.text)
 .text          0x080002a0       0x40 c:/program files/daisytoolchain/bin/../lib/gcc/arm-none-eabi/10.2.1/thumb/v7e-m+dp/hard/crtbegin.o
 .text          0x080002e0       0xa0 c:/program files/daisytoolchain/bin/../lib/gcc/arm-none-eabi/10.2.1/../../../../arm-none-eabi/lib/thumb/v7e-m+dp/hard\libc_nano.a(lib_a-memchr.o)
                0x080002e0                memchr
 .text          0x08000380      0x378 c:/program files/daisytoolchain/bin/../lib/gcc/arm-none-eabi/10.2.1/thumb/v7e-m+dp/hard\libgcc.a(_arm_addsubdf3.o)
                0x08000380                __aeabi_drsub
                0x08000388                __aeabi_dsub
                0x08000388                __subdf3
                0x0800038c                __aeabi_dadd
                0x0800038c                __adddf3
                0x08000604                __floatunsidf
                0x08000604                __aeabi_ui2d
                0x08000624                __floatsidf
                0x08000624                __aeabi_i2d
                0x08000648                __aeabi_f2d
                0x08000648                __extendsfdf2
                0x0800068c                __floatundidf
                0x0800068c                __aeabi_ul2d
                0x0800069c                __floatdidf
                0x0800069c                __aeabi_l2d
 .text          0x080006f8       0x30 c:/program files/daisytoolchain/bin/../lib/gcc/arm-none-eabi/10.2.1/thumb/v7e-m+dp/hard\libgcc.a(_aeabi_uldivmod.o)
                0x080006f8                __aeabi_uldivmod
 .text          0x08000728       0x40 c:/program files/daisytoolchain/bin/../lib/gcc/arm-none-eabi/10.2.1/thumb/v7e-m+dp/hard\libgcc.a(_fixunssfdi.o)
                0x08000728                __fixunssfdi
                0x08000728                __aeabi_f2ulz
 .text          0x08000768      0x2d0 c:/program files/daisytoolchain/bin/../lib/gcc/arm-none-eabi/10.2.1/thumb/v7e-m+dp/hard\libgcc.a(_udivmoddi4.o)
                0x08000768                __udivmoddi4
 .text          0x08000a38        0x4 c:/program files/daisytoolchain/bin/../lib/gcc/arm-none-eabi/10.2.1/thumb/v7e-m+dp/hard\libgcc.a(_dvmd_tls.o)
                0x08000a38                __aeabi_idiv0
                0x08000a38                __aeabi_ldiv0
 *(.text*)
 .text.Default_Handler
                0x08000a3c        0x4 build/startup_stm32h750xx.o
                0x08000a3c                RTC_Alarm_IRQHandler
                0x08000a3c                HASH_RNG_IRQHandler
                0x08000a3c                EXTI2_IRQHandler
                0x08000a3c                TIM8_CC_IRQHandler
                0x08000a3c                HRTIM1_Master_IRQHandler
                0x08000a3c                DebugMon_Handler
                0x08000a3c                TIM1_CC_IRQHandler
                0x08000a3c                BDMA_Channel6_IRQHandler
                0x08000a3c                DMA2_Stream5_IRQHandler
                0x08000a3c                HRTIM1_FLT_IRQHandler
                0x08000a3c                JPEG_IRQHandler
                0x08000a3c                BDMA_Channel1_IRQHandler
                0x08000a3c                HRTIM1_TIMD_IRQHandler
                0x08000a3c                TAMP_STAMP_IRQHandler
                0x08000a3c                PendSV_Handler
                0x08000a3c                NMI_Handler
                0x08000a3c                EXTI3_IRQHandler
                0x08000a3c                LPTIM4_IRQHandler
                0x08000a3c                TIM8_TRG_COM_TIM14_IRQHandler
                0x08000a3c                LPTIM2_IRQHandler
                0x08000a3c                DFSDM1_FLT1_IRQHandler
                0x08000a3c                DMAMUX2_OVR_IRQHandler
                0x08000a3c                TIM8_UP_TIM13_IRQHandler
                0x08000a3c                I2C3_ER_IRQHandler
                0x08000a3c                DFSDM1_FLT2_IRQHandler
                0x08000a3c                MDMA_IRQHandler
                0x08000a3c                LPTIM3_IRQHandler
                0x08000a3c                HSEM1_IRQHandler
                0x08000a3c                EXTI0_IRQHandler
                0x08000a3c                FPU_IRQHandler
                0x08000a3c                OTG_HS_WKUP_IRQHandler
                0x08000a3c                FDCAN1_IT1_IRQHandler
                0x08000a3c                UsageFault_Handler
                0x08000a3c                LTDC_ER_IRQHandler
                0x08000a3c                HRTIM1_TIME_IRQHandler
                0x08000a3c                TIM6_DAC_IRQHandler
                0x08000a3c                DCMI_IRQHandler
                0x08000a3c                HRTIM1_TIMC_IRQHandler
                0x08000a3c                SAI2_IRQHandler
                0x08000a3c                DFSDM1_FLT3_IRQHandler
                0x08000a3c                TIM17_IRQHandler
                0x08000a3c                CRYP_IRQHandler
                0x08000a3c                BDMA_Channel7_IRQHandler
                0x08000a3c                LPTIM5_IRQHandler
                0x08000a3c                ADC3_IRQHandler
                0x08000a3c                DMA2_Stream0_IRQHandler
                0x08000a3c                BDMA_Channel2_IRQHandler
                0x08000a3c                DMAMUX1_OVR_IRQHandler
                0x08000a3c                TIM16_IRQHandler
                0x08000a3c                BDMA_Channel5_IRQHandler
                0x08000a3c                RCC_IRQHandler
                0x08000a3c                TIM8_BRK_TIM12_IRQHandler
                0x08000a3c                TIM1_TRG_COM_IRQHandler
                0x08000a3c                Default_Handler
                0x08000a3c                ECC_IRQHandler
                0x08000a3c                CEC_IRQHandler
                0x08000a3c                EXTI15_10_IRQHandler
                0x08000a3c                BDMA_Channel0_IRQHandler
                0x08000a3c                ADC_IRQHandler
                0x08000a3c                DMA1_Stream7_IRQHandler
                0x08000a3c                HRTIM1_TIMA_IRQHandler
                0x08000a3c                TIM7_IRQHandler
                0x08000a3c                SDMMC1_IRQHandler
                0x08000a3c                DMA2_Stream7_IRQHandler
                0x08000a3c                TIM15_IRQHandler
                0x08000a3c                PVD_AVD_IRQHandler
                0x08000a3c                EXTI9_5_IRQHandler
                0x08000a3c                RTC_WKUP_IRQHandler
                0x08000a3c                LTDC_IRQHandler
                0x08000a3c                SAI3_IRQHandler
                0x08000a3c                ETH_WKUP_IRQHandler
                0x08000a3c                SPDIF_RX_IRQHandler
                0x08000a3c                MemManage_Handler
                0x08000a3c                SVC_Handler
                0x08000a3c                CRS_IRQHandler
                0x08000a3c                EXTI4_IRQHandler
                0x08000a3c                HRTIM1_TIMB_IRQHandler
                0x08000a3c                FDCAN2_IT1_IRQHandler
                0x08000a3c                ETH_IRQHandler
                0x08000a3c                TIM1_UP_IRQHandler
                0x08000a3c                BDMA_Channel4_IRQHandler
                0x08000a3c                WWDG_IRQHandler
                0x08000a3c                SPI6_IRQHandler
                0x08000a3c                I2C4_EV_IRQHandler
                0x08000a3c                MDIOS_IRQHandler
                0x08000a3c                FDCAN2_IT0_IRQHandler
                0x08000a3c                FDCAN1_IT0_IRQHandler
                0x08000a3c                OTG_FS_WKUP_IRQHandler
                0x08000a3c                DMA2D_IRQHandler
                0x08000a3c                TIM1_BRK_IRQHandler
                0x08000a3c                EXTI1_IRQHandler
                0x08000a3c                SDMMC2_IRQHandler
                0x08000a3c                BDMA_Channel3_IRQHandler
                0x08000a3c                MDIOS_WKUP_IRQHandler
                0x08000a3c                DFSDM1_FLT0_IRQHandler
                0x08000a3c                SAI4_IRQHandler
                0x08000a3c                I2C2_ER_IRQHandler
                0x08000a3c                DMA2_Stream1_IRQHandler
                0x08000a3c                FLASH_IRQHandler
                0x08000a3c                BusFault_Handler
                0x08000a3c                WAKEUP_PIN_IRQHandler
                0x08000a3c                I2C1_ER_IRQHandler
                0x08000a3c                FMC_IRQHandler
                0x08000a3c                FDCAN_CAL_IRQHandler
                0x08000a3c                SWPMI1_IRQHandler
                0x08000a3c                COMP1_IRQHandler
                0x08000a3c                LPTIM1_IRQHandler
                0x08000a3c                I2C4_ER_IRQHandler
                0x08000a3c                DMA2_Stream6_IRQHandler
                0x08000a3c                SAI1_IRQHandler
 .text.Reset_Handler
                0x08000a40       0x44 build/startup_stm32h750xx.o
                0x08000a40                Reset_Handler
 .text._ZN5daisy8DaisyPodD2Ev
                0x08000a84        0x4 build/spiral2.0.o
                0x08000a84                daisy::DaisyPod::~DaisyPod()
                0x08000a84                daisy::DaisyPod::~DaisyPod()
 .text._ZN10FilterBankD2Ev
                0x08000a88        0x4 build/spiral2.0.o
                0x08000a88                FilterBank::~FilterBank()
                0x08000a88                FilterBank::~FilterBank()
 *fill*         0x08000a8c        0x4 
 .text._Z13AudioCallbackPKPKfPPfj
                0x08000a90      0x438 build/spiral2.0.o
                0x08000a90                AudioCallback(float const* const*, float**, unsigned int)
 .text.startup.main
                0x08000ec8      0x61c build/spiral2.0.o
                0x08000ec8                main
 .text.startup._GLOBAL__sub_I_filtCut_shared
                0x080014e4       0x84 build/spiral2.0.o
 .text._ZN5daisy8DaisyPod10StartAudioEPFvPKPKfPPfjE
                0x08001568        0x4 ../../libDaisy/build\libdaisy.a(daisy_pod.o)
                0x08001568                daisy::DaisyPod::StartAudio(void (*)(float const* const*, float**, unsigned int))
 .text._ZN5daisy8DaisyPod17SetAudioBlockSizeEj
                0x0800156c       0x2c ../../libDaisy/build\libdaisy.a(daisy_pod.o)
                0x0800156c                daisy::DaisyPod::SetAudioBlockSize(unsigned int)
 .text._ZN5daisy8DaisyPod14AudioBlockSizeEv
                0x08001598        0x4 ../../libDaisy/build\libdaisy.a(daisy_pod.o)
                0x08001598                daisy::DaisyPod::AudioBlockSize()
 .text._ZN5daisy8DaisyPod18SetAudioSampleRateENS_9SaiHandle6Config10SampleRateE
                0x0800159c       0x2c ../../libDaisy/build\libdaisy.a(daisy_pod.o)
                0x0800159c                daisy::DaisyPod::SetAudioSampleRate(daisy::SaiHandle::Config::SampleRate)
 .text._ZN5daisy8DaisyPod15AudioSampleRateEv
                0x080015c8        0x4 ../../libDaisy/build\libdaisy.a(daisy_pod.o)
                0x080015c8                daisy::DaisyPod::AudioSampleRate()
 .text._ZN5daisy8DaisyPod8StartAdcEv
                0x080015cc        0x8 ../../libDaisy/build\libdaisy.a(daisy_pod.o)
                0x080015cc                daisy::DaisyPod::StartAdc()
 .text._ZN5daisy8DaisyPod21ProcessAnalogControlsEv
                0x080015d4       0x18 ../../libDaisy/build\libdaisy.a(daisy_pod.o)
                0x080015d4                daisy::DaisyPod::ProcessAnalogControls()
 .text._ZN5daisy8DaisyPod22ProcessDigitalControlsEv
                0x080015ec       0x20 ../../libDaisy/build\libdaisy.a(daisy_pod.o)
                0x080015ec                daisy::DaisyPod::ProcessDigitalControls()
 .text._ZN5daisy8DaisyPod10UpdateLedsEv
                0x0800160c       0x18 ../../libDaisy/build\libdaisy.a(daisy_pod.o)
                0x0800160c                daisy::DaisyPod::UpdateLeds()
 .text._ZN5daisy8DaisyPod8InitLedsEv
                0x08001624       0x98 ../../libDaisy/build\libdaisy.a(daisy_pod.o)
                0x08001624                daisy::DaisyPod::InitLeds()
 .text._ZN5daisy8DaisyPod9InitKnobsEv
                0x080016bc       0x90 ../../libDaisy/build\libdaisy.a(daisy_pod.o)
                0x080016bc                daisy::DaisyPod::InitKnobs()
 .text._ZN5daisy8DaisyPod4InitEb
                0x0800174c      0x128 ../../libDaisy/build\libdaisy.a(daisy_pod.o)
                0x0800174c                daisy::DaisyPod::Init(bool)
 .text._ZN5daisy9DaisySeed9ConfigureEv
                0x08001874        0x4 ../../libDaisy/build\libdaisy.a(daisy_seed.o)
                0x08001874                daisy::DaisySeed::Configure()
 .text._ZN5daisy9DaisySeed10StartAudioEPFvPKPKfPPfjE
                0x08001878        0x8 ../../libDaisy/build\libdaisy.a(daisy_seed.o)
                0x08001878                daisy::DaisySeed::StartAudio(void (*)(float const* const*, float**, unsigned int))
 .text._ZN5daisy9DaisySeed18SetAudioSampleRateENS_9SaiHandle6Config10SampleRateE
                0x08001880       0x38 ../../libDaisy/build\libdaisy.a(daisy_seed.o)
                0x08001880                daisy::DaisySeed::SetAudioSampleRate(daisy::SaiHandle::Config::SampleRate)
 .text._ZN5daisy9DaisySeed15AudioSampleRateEv
                0x080018b8        0x8 ../../libDaisy/build\libdaisy.a(daisy_seed.o)
                0x080018b8                daisy::DaisySeed::AudioSampleRate()
 .text._ZN5daisy9DaisySeed17SetAudioBlockSizeEj
                0x080018c0       0x38 ../../libDaisy/build\libdaisy.a(daisy_seed.o)
                0x080018c0                daisy::DaisySeed::SetAudioBlockSize(unsigned int)
 .text._ZN5daisy9DaisySeed14AudioBlockSizeEv
                0x080018f8        0xc ../../libDaisy/build\libdaisy.a(daisy_seed.o)
                0x080018f8                daisy::DaisySeed::AudioBlockSize()
 .text._ZNK5daisy9DaisySeed17AudioCallbackRateEv
                0x08001904        0x8 ../../libDaisy/build\libdaisy.a(daisy_seed.o)
                0x08001904                daisy::DaisySeed::AudioCallbackRate() const
 .text._ZN5daisy9DaisySeed17CheckBoardVersionEv
                0x0800190c       0x6c ../../libDaisy/build\libdaisy.a(daisy_seed.o)
                0x0800190c                daisy::DaisySeed::CheckBoardVersion()
 .text._ZN5daisy9DaisySeed14ConfigureAudioEv
                0x08001978      0x10c ../../libDaisy/build\libdaisy.a(daisy_seed.o)
                0x08001978                daisy::DaisySeed::ConfigureAudio()
 .text._ZN5daisy9DaisySeed4InitEb
                0x08001a84      0x108 ../../libDaisy/build\libdaisy.a(daisy_seed.o)
                0x08001a84                daisy::DaisySeed::Init(bool)
 .text._ZN5daisy6Ak45564InitE12dsy_gpio_pin
                0x08001b8c       0x44 ../../libDaisy/build\libdaisy.a(codec_ak4556.o)
                0x08001b8c                daisy::Ak4556::Init(dsy_gpio_pin)
 .text._ZN5daisy6Wm873120WriteControlRegisterEht
                0x08001bd0       0x3c ../../libDaisy/build\libdaisy.a(codec_wm8731.o)
                0x08001bd0                daisy::Wm8731::WriteControlRegister(unsigned char, unsigned short)
 .text._ZN5daisy6Wm87314InitERKNS0_6ConfigENS_9I2CHandleE
                0x08001c0c      0x1bc ../../libDaisy/build\libdaisy.a(codec_wm8731.o)
                0x08001c0c                daisy::Wm8731::Init(daisy::Wm8731::Config const&, daisy::I2CHandle)
 .text._ZN11SdramHandle10DeviceInitEv
                0x08001dc8       0x98 ../../libDaisy/build\libdaisy.a(sdram.o)
                0x08001dc8                SdramHandle::DeviceInit()
 .text._ZN11SdramHandle4InitEv
                0x08001e60       0x7c ../../libDaisy/build\libdaisy.a(sdram.o)
                0x08001e60                SdramHandle::Init()
 .text.HAL_SDRAM_MspInit
                0x08001edc      0x1a8 ../../libDaisy/build\libdaisy.a(sdram.o)
                0x08001edc                HAL_SDRAM_MspInit
 .text._ZN5daisy11AudioHandle4Impl16InternalCallbackEPlS2_j
                0x08002084      0xbbc ../../libDaisy/build\libdaisy.a(audio.o)
                0x08002084                daisy::AudioHandle::Impl::InternalCallback(long*, long*, unsigned int)
 .text._ZN5daisy11AudioHandle4InitERKNS0_6ConfigENS_9SaiHandleE
                0x08002c40       0x70 ../../libDaisy/build\libdaisy.a(audio.o)
                0x08002c40                daisy::AudioHandle::Init(daisy::AudioHandle::Config const&, daisy::SaiHandle)
 .text._ZNK5daisy11AudioHandle9GetConfigEv
                0x08002cb0        0x8 ../../libDaisy/build\libdaisy.a(audio.o)
                0x08002cb0                daisy::AudioHandle::GetConfig() const
 .text._ZN5daisy11AudioHandle12SetBlockSizeEj
                0x08002cb8       0x1c ../../libDaisy/build\libdaisy.a(audio.o)
                0x08002cb8                daisy::AudioHandle::SetBlockSize(unsigned int)
 .text._ZN5daisy11AudioHandle13GetSampleRateEv
                0x08002cd4        0x8 ../../libDaisy/build\libdaisy.a(audio.o)
                0x08002cd4                daisy::AudioHandle::GetSampleRate()
 .text._ZN5daisy11AudioHandle13SetSampleRateENS_9SaiHandle6Config10SampleRateE
                0x08002cdc       0x88 ../../libDaisy/build\libdaisy.a(audio.o)
                0x08002cdc                daisy::AudioHandle::SetSampleRate(daisy::SaiHandle::Config::SampleRate)
 .text._ZN5daisy11AudioHandle5StartEPFvPKPKfPPfjE
                0x08002d64       0x44 ../../libDaisy/build\libdaisy.a(audio.o)
                0x08002d64                daisy::AudioHandle::Start(void (*)(float const* const*, float**, unsigned int))
 .text.startup._GLOBAL__sub_I__ZN5daisy11AudioHandle4Impl4InitENS0_6ConfigENS_9SaiHandleE
                0x08002da8       0x24 ../../libDaisy/build\libdaisy.a(audio.o)
 .text._ZN5daisy13AnalogControl4InitEPtfbbf
                0x08002dcc       0x64 ../../libDaisy/build\libdaisy.a(ctrl.o)
                0x08002dcc                daisy::AnalogControl::Init(unsigned short*, float, bool, bool, float)
 .text._ZN5daisy13AnalogControl7ProcessEv
                0x08002e30       0x48 ../../libDaisy/build\libdaisy.a(ctrl.o)
                0x08002e30                daisy::AnalogControl::Process()
 .text._ZN5daisy13AnalogControl13SetSampleRateEf
                0x08002e78       0x58 ../../libDaisy/build\libdaisy.a(ctrl.o)
                0x08002e78                daisy::AnalogControl::SetSampleRate(float)
 .text._ZN5daisy7Encoder4InitE12dsy_gpio_pinS1_S1_f
                0x08002ed0       0x60 ../../libDaisy/build\libdaisy.a(encoder.o)
                0x08002ed0                daisy::Encoder::Init(dsy_gpio_pin, dsy_gpio_pin, dsy_gpio_pin, float)
 .text._ZN5daisy7Encoder8DebounceEv
                0x08002f30       0x7c ../../libDaisy/build\libdaisy.a(encoder.o)
                0x08002f30                daisy::Encoder::Debounce()
 .text._ZN5daisy9UsbHandleD2Ev
                0x08002fac        0x4 ../../libDaisy/build\libdaisy.a(logger.o)
                0x08002fac                daisy::UsbHandle::~UsbHandle()
                0x08002fac                daisy::UsbHandle::~UsbHandle()
 .text._ZN5daisy6LoggerILNS_17LoggerDestinationE1EE11TransmitBufEv
                0x08002fb0       0x60 ../../libDaisy/build\libdaisy.a(logger.o)
                0x08002fb0                daisy::Logger<(daisy::LoggerDestination)1>::TransmitBuf()
 .text._ZN5daisy6LoggerILNS_17LoggerDestinationE1EE13AppendNewLineEv
                0x08003010       0x60 ../../libDaisy/build\libdaisy.a(logger.o)
                0x08003010                daisy::Logger<(daisy::LoggerDestination)1>::AppendNewLine()
 .text._ZN5daisy6LoggerILNS_17LoggerDestinationE1EE10PrintLineVEPKcSt9__va_list
                0x08003070       0x30 ../../libDaisy/build\libdaisy.a(logger.o)
                0x08003070                daisy::Logger<(daisy::LoggerDestination)1>::PrintLineV(char const*, std::__va_list)
 .text._ZN5daisy6LoggerILNS_17LoggerDestinationE1EE9PrintLineEPKcz
                0x080030a0       0x1c ../../libDaisy/build\libdaisy.a(logger.o)
                0x080030a0                daisy::Logger<(daisy::LoggerDestination)1>::PrintLine(char const*, ...)
 .text._ZN5daisy6LoggerILNS_17LoggerDestinationE1EE8StartLogEb
                0x080030bc       0x40 ../../libDaisy/build\libdaisy.a(logger.o)
                0x080030bc                daisy::Logger<(daisy::LoggerDestination)1>::StartLog(bool)
 .text.startup._GLOBAL__sub_I__ZN5daisy10LoggerImplILNS_17LoggerDestinationE1EE11usb_handle_E
                0x080030fc       0x2c ../../libDaisy/build\libdaisy.a(logger.o)
 .text._ZN5daisy17MidiUartTransport6ConfigC2Ev
                0x08003128       0x28 ../../libDaisy/build\libdaisy.a(midi.o)
                0x08003128                daisy::MidiUartTransport::Config::Config()
                0x08003128                daisy::MidiUartTransport::Config::Config()
 .text._ZN5daisy10MidiParser5ResetEv
                0x08003150        0xc ../../libDaisy/build\libdaisy.a(midi_parser.o)
                0x08003150                daisy::MidiParser::Reset()
 .text._ZN5daisy6RgbLed4InitE12dsy_gpio_pinS1_S1_b
                0x0800315c       0x50 ../../libDaisy/build\libdaisy.a(rgb_led.o)
                0x0800315c                daisy::RgbLed::Init(dsy_gpio_pin, dsy_gpio_pin, dsy_gpio_pin, bool)
 .text._ZN5daisy6RgbLed3SetEfff
                0x080031ac       0x34 ../../libDaisy/build\libdaisy.a(rgb_led.o)
                0x080031ac                daisy::RgbLed::Set(float, float, float)
 .text._ZN5daisy6RgbLed8SetColorENS_5ColorE
                0x080031e0       0x2c ../../libDaisy/build\libdaisy.a(rgb_led.o)
                0x080031e0                daisy::RgbLed::SetColor(daisy::Color)
 .text._ZN5daisy6RgbLed6UpdateEv
                0x0800320c       0x1c ../../libDaisy/build\libdaisy.a(rgb_led.o)
                0x0800320c                daisy::RgbLed::Update()
 .text._ZN5daisy6Switch4InitE12dsy_gpio_pinf
                0x08003228       0x34 ../../libDaisy/build\libdaisy.a(switch.o)
                0x08003228                daisy::Switch::Init(dsy_gpio_pin, float)
 .text._ZN5daisy6Switch8DebounceEv
                0x0800325c       0x5c ../../libDaisy/build\libdaisy.a(switch.o)
                0x0800325c                daisy::Switch::Debounce()
 .text.DummyRxCallback
                0x080032b8        0x4 ../../libDaisy/build\libdaisy.a(usb.o)
                0x080032b8                DummyRxCallback
 .text._ZN5daisy9UsbHandle4InitENS0_9UsbPeriphE
                0x080032bc      0x10c ../../libDaisy/build\libdaisy.a(usb.o)
                0x080032bc                daisy::UsbHandle::Init(daisy::UsbHandle::UsbPeriph)
 .text._ZN5daisy9UsbHandle16TransmitInternalEPhj
                0x080033c8       0x14 ../../libDaisy/build\libdaisy.a(usb.o)
                0x080033c8                daisy::UsbHandle::TransmitInternal(unsigned char*, unsigned int)
 .text.OTG_FS_EP1_OUT_IRQHandler
                0x080033dc        0xc ../../libDaisy/build\libdaisy.a(usb.o)
                0x080033dc                OTG_FS_EP1_OUT_IRQHandler
 .text.OTG_FS_EP1_IN_IRQHandler
                0x080033e8        0xc ../../libDaisy/build\libdaisy.a(usb.o)
                0x080033e8                OTG_FS_EP1_IN_IRQHandler
 .text.OTG_FS_IRQHandler
                0x080033f4        0xc ../../libDaisy/build\libdaisy.a(usb.o)
                0x080033f4                OTG_FS_IRQHandler
 .text._ZN5daisy16AdcChannelConfig10InitSingleE12dsy_gpio_pinNS0_15ConversionSpeedE
                0x08003400       0x28 ../../libDaisy/build\libdaisy.a(adc.o)
                0x08003400                daisy::AdcChannelConfig::InitSingle(dsy_gpio_pin, daisy::AdcChannelConfig::ConversionSpeed)
 .text._ZN5daisy9AdcHandle4InitEPNS_16AdcChannelConfigEjNS0_12OverSamplingE
                0x08003428      0x41c ../../libDaisy/build\libdaisy.a(adc.o)
                0x08003428                daisy::AdcHandle::Init(daisy::AdcChannelConfig*, unsigned int, daisy::AdcHandle::OverSampling)
 .text._ZN5daisy9AdcHandle5StartEv
                0x08003844       0x2c ../../libDaisy/build\libdaisy.a(adc.o)
                0x08003844                daisy::AdcHandle::Start()
 .text._ZNK5daisy9AdcHandle6GetPtrEh
                0x08003870       0x14 ../../libDaisy/build\libdaisy.a(adc.o)
                0x08003870                daisy::AdcHandle::GetPtr(unsigned char) const
 .text.HAL_ADC_MspInit
                0x08003884       0x98 ../../libDaisy/build\libdaisy.a(adc.o)
                0x08003884                HAL_ADC_MspInit
 .text.DMA1_Stream2_IRQHandler
                0x0800391c        0xc ../../libDaisy/build\libdaisy.a(adc.o)
                0x0800391c                DMA1_Stream2_IRQHandler
 .text.HAL_ADC_ConvCpltCallback
                0x08003928      0x148 ../../libDaisy/build\libdaisy.a(adc.o)
                0x08003928                HAL_ADC_ConvCpltCallback
 .text.HAL_ADC_ErrorCallback
                0x08003a70        0x4 ../../libDaisy/build\libdaisy.a(adc.o)
                0x08003a70                HAL_ADC_ErrorCallback
 .text._ZN5daisy4GPIO4InitENS_3PinENS0_4ModeENS0_4PullENS0_5SpeedE
                0x08003a74      0x1cc ../../libDaisy/build\libdaisy.a(gpio.o)
                0x08003a74                daisy::GPIO::Init(daisy::Pin, daisy::GPIO::Mode, daisy::GPIO::Pull, daisy::GPIO::Speed)
 .text._ZN5daisy4GPIO4ReadEv
                0x08003c40       0x18 ../../libDaisy/build\libdaisy.a(gpio.o)
                0x08003c40                daisy::GPIO::Read()
 .text._ZN5daisy4GPIO5WriteEb
                0x08003c58       0x14 ../../libDaisy/build\libdaisy.a(gpio.o)
                0x08003c58                daisy::GPIO::Write(bool)
 .text.dsy_gpio_init
                0x08003c6c      0x1b8 ../../libDaisy/build\libdaisy.a(gpio.o)
                0x08003c6c                dsy_gpio_init
 .text.dsy_gpio_read
                0x08003e24       0x1c ../../libDaisy/build\libdaisy.a(gpio.o)
                0x08003e24                dsy_gpio_read
 .text.dsy_gpio_write
                0x08003e40       0x24 ../../libDaisy/build\libdaisy.a(gpio.o)
                0x08003e40                dsy_gpio_write
 .text._ZN5daisy9I2CHandle4Impl8InitPinsEv
                0x08003e64       0x58 ../../libDaisy/build\libdaisy.a(i2c.o)
                0x08003e64                daisy::I2CHandle::Impl::InitPins()
 .text.HAL_I2C_MspInit
                0x08003ebc      0x1b4 ../../libDaisy/build\libdaisy.a(i2c.o)
                0x08003ebc                HAL_I2C_MspInit
 .text.dsy_i2c_global_init
                0x08004070       0x78 ../../libDaisy/build\libdaisy.a(i2c.o)
                0x08004070                dsy_i2c_global_init
 .text.DMA1_Stream6_IRQHandler
                0x080040e8       0x34 ../../libDaisy/build\libdaisy.a(i2c.o)
                0x080040e8                DMA1_Stream6_IRQHandler
 .text.I2C1_EV_IRQHandler
                0x0800411c        0xc ../../libDaisy/build\libdaisy.a(i2c.o)
                0x0800411c                I2C1_EV_IRQHandler
 .text.I2C2_EV_IRQHandler
                0x08004128        0xc ../../libDaisy/build\libdaisy.a(i2c.o)
                0x08004128                I2C2_EV_IRQHandler
 .text.I2C3_EV_IRQHandler
                0x08004134        0xc ../../libDaisy/build\libdaisy.a(i2c.o)
                0x08004134                I2C3_EV_IRQHandler
 .text._ZN5daisy9I2CHandle4InitERKNS0_6ConfigE
                0x08004140      0x12c ../../libDaisy/build\libdaisy.a(i2c.o)
                0x08004140                daisy::I2CHandle::Init(daisy::I2CHandle::Config const&)
 .text._ZN5daisy9I2CHandle16TransmitBlockingEtPhtm
                0x0800426c       0x50 ../../libDaisy/build\libdaisy.a(i2c.o)
                0x0800426c                daisy::I2CHandle::TransmitBlocking(unsigned short, unsigned char*, unsigned short, unsigned long)
 .text.startup._GLOBAL__sub_I__ZN5daisy9I2CHandle4Impl10GlobalInitEv
                0x080042bc       0x18 ../../libDaisy/build\libdaisy.a(i2c.o)
 .text._ZN5daisy10QSPIHandle4Impl11WriteEnableEv
                0x080042d4       0x8c ../../libDaisy/build\libdaisy.a(qspi.o)
                0x080042d4                daisy::QSPIHandle::Impl::WriteEnable()
 .text._ZN5daisy10QSPIHandle4Impl17DummyCyclesConfigENS0_6Config6DeviceE
                0x08004360      0x118 ../../libDaisy/build\libdaisy.a(qspi.o)
                0x08004360                daisy::QSPIHandle::Impl::DummyCyclesConfig(daisy::QSPIHandle::Config::Device)
 .text._ZN5daisy10QSPIHandle4Impl10QuadEnableEv
                0x08004478      0x158 ../../libDaisy/build\libdaisy.a(qspi.o)
                0x08004478                daisy::QSPIHandle::Impl::QuadEnable()
 .text._ZN5daisy10QSPIHandle4InitERKNS0_6ConfigE
                0x080045d0      0x198 ../../libDaisy/build\libdaisy.a(qspi.o)
                0x080045d0                daisy::QSPIHandle::Init(daisy::QSPIHandle::Config const&)
 .text.HAL_QSPI_MspInit
                0x08004768      0x11c ../../libDaisy/build\libdaisy.a(qspi.o)
                0x08004768                HAL_QSPI_MspInit
 .text.HAL_QSPI_MspDeInit
                0x08004884       0x54 ../../libDaisy/build\libdaisy.a(qspi.o)
                0x08004884                HAL_QSPI_MspDeInit
 .text.QUADSPI_IRQHandler
                0x080048d8        0xc ../../libDaisy/build\libdaisy.a(qspi.o)
                0x080048d8                QUADSPI_IRQHandler
 .text.startup._GLOBAL__sub_I__ZN5daisy10QSPIHandle4Impl4InitERKNS0_6ConfigE
                0x080048e4       0x28 ../../libDaisy/build\libdaisy.a(qspi.o)
 .text._ZN5daisy9SaiHandle4Impl7InitDmaENS1_15PeripheralBlockE
                0x0800490c       0xa0 ../../libDaisy/build\libdaisy.a(sai.o)
                0x0800490c                daisy::SaiHandle::Impl::InitDma(daisy::SaiHandle::Impl::PeripheralBlock)
 .text._ZN5daisy9SaiHandle4Impl8InitPinsEv
                0x080049ac       0xa8 ../../libDaisy/build\libdaisy.a(sai.o)
                0x080049ac                daisy::SaiHandle::Impl::InitPins()
 .text.HAL_SAI_MspInit
                0x08004a54      0x164 ../../libDaisy/build\libdaisy.a(sai.o)
                0x08004a54                HAL_SAI_MspInit
 .text.DMA1_Stream0_IRQHandler
                0x08004bb8        0xc ../../libDaisy/build\libdaisy.a(sai.o)
                0x08004bb8                DMA1_Stream0_IRQHandler
 .text.DMA1_Stream1_IRQHandler
                0x08004bc4        0xc ../../libDaisy/build\libdaisy.a(sai.o)
                0x08004bc4                DMA1_Stream1_IRQHandler
 .text.DMA1_Stream3_IRQHandler
                0x08004bd0        0xc ../../libDaisy/build\libdaisy.a(sai.o)
                0x08004bd0                DMA1_Stream3_IRQHandler
 .text.DMA1_Stream4_IRQHandler
                0x08004bdc        0xc ../../libDaisy/build\libdaisy.a(sai.o)
                0x08004bdc                DMA1_Stream4_IRQHandler
 .text.HAL_SAI_RxHalfCpltCallback
                0x08004be8       0x78 ../../libDaisy/build\libdaisy.a(sai.o)
                0x08004be8                HAL_SAI_RxHalfCpltCallback
 .text.HAL_SAI_RxCpltCallback
                0x08004c60       0x70 ../../libDaisy/build\libdaisy.a(sai.o)
                0x08004c60                HAL_SAI_RxCpltCallback
 .text._ZN5daisy9SaiHandle4InitERKNS0_6ConfigE
                0x08004cd0      0x1f0 ../../libDaisy/build\libdaisy.a(sai.o)
                0x08004cd0                daisy::SaiHandle::Init(daisy::SaiHandle::Config const&)
 .text._ZNK5daisy9SaiHandle9GetConfigEv
                0x08004ec0        0x4 ../../libDaisy/build\libdaisy.a(sai.o)
                0x08004ec0                daisy::SaiHandle::GetConfig() const
 .text._ZN5daisy9SaiHandle8StartDmaEPlS1_jPFvS1_S1_jE
                0x08004ec4       0xbc ../../libDaisy/build\libdaisy.a(sai.o)
                0x08004ec4                daisy::SaiHandle::StartDma(long*, long*, unsigned int, void (*)(long*, long*, unsigned int))
 .text._ZN5daisy9SaiHandle13GetSampleRateEv
                0x08004f80       0x24 ../../libDaisy/build\libdaisy.a(sai.o)
                0x08004f80                daisy::SaiHandle::GetSampleRate()
 .text._ZNK5daisy9SaiHandle9GetOffsetEv
                0x08004fa4        0x8 ../../libDaisy/build\libdaisy.a(sai.o)
                0x08004fa4                daisy::SaiHandle::GetOffset() const
 .text._ZL20UART_CheckRxListenerPN5daisy11UartHandler4ImplE
                0x08004fac       0x84 ../../libDaisy/build\libdaisy.a(uart.o)
 .text._ZN5daisy11UartHandler4Impl10StartDmaTxEPhjPFvPvEPFvS3_NS0_6ResultEES3_
                0x08005030      0x184 ../../libDaisy/build\libdaisy.a(uart.o)
                0x08005030                daisy::UartHandler::Impl::StartDmaTx(unsigned char*, unsigned int, void (*)(void*), void (*)(void*, daisy::UartHandler::Result), void*)
 .text._ZN5daisy11UartHandler4Impl10StartDmaRxEPhjPFvPvEPFvS3_NS0_6ResultEES3_
                0x080051b4      0x184 ../../libDaisy/build\libdaisy.a(uart.o)
                0x080051b4                daisy::UartHandler::Impl::StartDmaRx(unsigned char*, unsigned int, void (*)(void*), void (*)(void*, daisy::UartHandler::Result), void*)
 .text._ZN5daisy11UartHandler4Impl19DmaTransferFinishedEP20__UART_HandleTypeDefNS0_6ResultE
                0x08005338       0xc0 ../../libDaisy/build\libdaisy.a(uart.o)
                0x08005338                daisy::UartHandler::Impl::DmaTransferFinished(__UART_HandleTypeDef*, daisy::UartHandler::Result)
 .text._ZN5daisy11UartHandler4Impl8InitPinsEv
                0x080053f8      0x154 ../../libDaisy/build\libdaisy.a(uart.o)
                0x080053f8                daisy::UartHandler::Impl::InitPins()
 .text.HAL_UART_MspInit
                0x0800554c      0x210 ../../libDaisy/build\libdaisy.a(uart.o)
                0x0800554c                HAL_UART_MspInit
 .text.dsy_uart_global_init
                0x0800575c      0x110 ../../libDaisy/build\libdaisy.a(uart.o)
                0x0800575c                dsy_uart_global_init
 .text.USART1_IRQHandler
                0x0800586c       0x2c ../../libDaisy/build\libdaisy.a(uart.o)
                0x0800586c                USART1_IRQHandler
 .text.USART2_IRQHandler
                0x08005898       0x34 ../../libDaisy/build\libdaisy.a(uart.o)
                0x08005898                USART2_IRQHandler
 .text.USART3_IRQHandler
                0x080058cc       0x34 ../../libDaisy/build\libdaisy.a(uart.o)
                0x080058cc                USART3_IRQHandler
 .text.UART4_IRQHandler
                0x08005900       0x34 ../../libDaisy/build\libdaisy.a(uart.o)
                0x08005900                UART4_IRQHandler
 .text.UART5_IRQHandler
                0x08005934       0x34 ../../libDaisy/build\libdaisy.a(uart.o)
                0x08005934                UART5_IRQHandler
 .text.USART6_IRQHandler
                0x08005968       0x34 ../../libDaisy/build\libdaisy.a(uart.o)
                0x08005968                USART6_IRQHandler
 .text.UART7_IRQHandler
                0x0800599c       0x34 ../../libDaisy/build\libdaisy.a(uart.o)
                0x0800599c                UART7_IRQHandler
 .text.UART8_IRQHandler
                0x080059d0       0x34 ../../libDaisy/build\libdaisy.a(uart.o)
                0x080059d0                UART8_IRQHandler
 .text.LPUART1_IRQHandler
                0x08005a04       0x34 ../../libDaisy/build\libdaisy.a(uart.o)
                0x08005a04                LPUART1_IRQHandler
 .text.DMA1_Stream5_IRQHandler
                0x08005a38       0x34 ../../libDaisy/build\libdaisy.a(uart.o)
                0x08005a38                DMA1_Stream5_IRQHandler
 .text.DMA2_Stream4_IRQHandler
                0x08005a6c       0x38 ../../libDaisy/build\libdaisy.a(uart.o)
                0x08005a6c                DMA2_Stream4_IRQHandler
 .text.HAL_UART_TxCpltCallback
                0x08005aa4        0x8 ../../libDaisy/build\libdaisy.a(uart.o)
                0x08005aa4                HAL_UART_TxCpltCallback
 .text.HAL_UART_RxCpltCallback
                0x08005aac       0x94 ../../libDaisy/build\libdaisy.a(uart.o)
                0x08005aac                HAL_UART_RxCpltCallback
 .text.HAL_UART_RxHalfCpltCallback
                0x08005b40       0x90 ../../libDaisy/build\libdaisy.a(uart.o)
                0x08005b40                HAL_UART_RxHalfCpltCallback
 .text.HAL_UART_ErrorCallback
                0x08005bd0        0x8 ../../libDaisy/build\libdaisy.a(uart.o)
                0x08005bd0                HAL_UART_ErrorCallback
 .text._ZN5daisy11UartHandler4InitERKNS0_6ConfigE
                0x08005bd8       0xd4 ../../libDaisy/build\libdaisy.a(uart.o)
                0x08005bd8                daisy::UartHandler::Init(daisy::UartHandler::Config const&)
 .text.startup._GLOBAL__sub_I__Z19MapInstanceToHandleP13USART_TypeDef
                0x08005cac      0x194 ../../libDaisy/build\libdaisy.a(uart.o)
 .text.dsy_dma_init
                0x08005e40      0x100 ../../libDaisy/build\libdaisy.a(dma.o)
                0x08005e40                dsy_dma_init
 .text.dsy_dma_invalidate_cache_for_buffer
                0x08005f40       0x2c ../../libDaisy/build\libdaisy.a(dma.o)
                0x08005f40                dsy_dma_invalidate_cache_for_buffer
 .text._ZN5daisy11TimerHandleD2Ev
                0x08005f6c        0x4 ../../libDaisy/build\libdaisy.a(system.o)
                0x08005f6c                daisy::TimerHandle::~TimerHandle()
                0x08005f6c                daisy::TimerHandle::~TimerHandle()
 .text.SysTick_Handler
                0x08005f70       0x10 ../../libDaisy/build\libdaisy.a(system.o)
                0x08005f70                SysTick_Handler
 .text.OTG_HS_EP1_OUT_IRQHandler
                0x08005f80       0x24 ../../libDaisy/build\libdaisy.a(system.o)
                0x08005f80                OTG_HS_EP1_OUT_IRQHandler
 .text.OTG_HS_EP1_IN_IRQHandler
                0x08005fa4       0x24 ../../libDaisy/build\libdaisy.a(system.o)
                0x08005fa4                OTG_HS_EP1_IN_IRQHandler
 .text.OTG_HS_IRQHandler
                0x08005fc8       0x24 ../../libDaisy/build\libdaisy.a(system.o)
                0x08005fc8                OTG_HS_IRQHandler
 .text.HardFault_Handler
                0x08005fec       0xe0 ../../libDaisy/build\libdaisy.a(system.o)
                0x08005fec                HardFault_Handler
 .text._ZN5daisy6System6GetNowEv
                0x080060cc        0x4 ../../libDaisy/build\libdaisy.a(system.o)
                0x080060cc                daisy::System::GetNow()
 .text._ZN5daisy6System5DelayEm
                0x080060d0        0x4 ../../libDaisy/build\libdaisy.a(system.o)
                0x080060d0                daisy::System::Delay(unsigned long)
 .text._ZN5daisy6System20GetBootloaderVersionEv
                0x080060d4       0x34 ../../libDaisy/build\libdaisy.a(system.o)
                0x080060d4                daisy::System::GetBootloaderVersion()
 .text._ZN5daisy6System15ConfigureClocksEv
                0x08006108      0x194 ../../libDaisy/build\libdaisy.a(system.o)
                0x08006108                daisy::System::ConfigureClocks()
 .text._ZN5daisy6System12ConfigureMpuEv
                0x0800629c       0x7c ../../libDaisy/build\libdaisy.a(system.o)
                0x0800629c                daisy::System::ConfigureMpu()
 .text._ZN5daisy6System4InitERKNS0_6ConfigE
                0x08006318       0xec ../../libDaisy/build\libdaisy.a(system.o)
                0x08006318                daisy::System::Init(daisy::System::Config const&)
 .text._ZN5daisy6System12GetPClk1FreqEv
                0x08006404        0x4 ../../libDaisy/build\libdaisy.a(system.o)
                0x08006404                daisy::System::GetPClk1Freq()
 .text._ZN5daisy6System22GetProgramMemoryRegionEv
                0x08006408       0x78 ../../libDaisy/build\libdaisy.a(system.o)
                0x08006408                daisy::System::GetProgramMemoryRegion()
 .text.startup._GLOBAL__sub_I__ZN5daisy9boot_infoE
                0x08006480       0x1c ../../libDaisy/build\libdaisy.a(system.o)
 .text.SystemInit
                0x0800649c       0x9c ../../libDaisy/build\libdaisy.a(system_stm32h7xx.o)
                0x0800649c                SystemInit
 .text.dummy_rx_callback
                0x08006538        0x4 ../../libDaisy/build\libdaisy.a(usbd_cdc_if.o)
                0x08006538                dummy_rx_callback
 .text.CDC_DeInit_FS
                0x0800653c        0x4 ../../libDaisy/build\libdaisy.a(usbd_cdc_if.o)
 .text.CDC_Receive_FS
                0x08006540       0x2c ../../libDaisy/build\libdaisy.a(usbd_cdc_if.o)
 .text.CDC_Receive_HS
                0x0800656c       0x2c ../../libDaisy/build\libdaisy.a(usbd_cdc_if.o)
 .text.CDC_Init_FS
                0x08006598       0x3c ../../libDaisy/build\libdaisy.a(usbd_cdc_if.o)
 .text.CDC_Init_HS
                0x080065d4       0x3c ../../libDaisy/build\libdaisy.a(usbd_cdc_if.o)
 .text.CDC_Control_FS
                0x08006610       0x34 ../../libDaisy/build\libdaisy.a(usbd_cdc_if.o)
 .text.CDC_Control_HS
                0x08006644       0x34 ../../libDaisy/build\libdaisy.a(usbd_cdc_if.o)
 .text.CDC_DeInit_HS
                0x08006678        0x4 ../../libDaisy/build\libdaisy.a(usbd_cdc_if.o)
 .text.CDC_Transmit_FS
                0x0800667c       0x2c ../../libDaisy/build\libdaisy.a(usbd_cdc_if.o)
                0x0800667c                CDC_Transmit_FS
 .text.HAL_PCD_MspInit
                0x080066a8      0x144 ../../libDaisy/build\libdaisy.a(usbd_conf.o)
                0x080066a8                HAL_PCD_MspInit
 .text.HAL_PCD_SetupStageCallback
                0x080067ec        0xc ../../libDaisy/build\libdaisy.a(usbd_conf.o)
                0x080067ec                HAL_PCD_SetupStageCallback
 .text.HAL_PCD_DataOutStageCallback
                0x080067f8       0x14 ../../libDaisy/build\libdaisy.a(usbd_conf.o)
                0x080067f8                HAL_PCD_DataOutStageCallback
 .text.HAL_PCD_DataInStageCallback
                0x0800680c       0x14 ../../libDaisy/build\libdaisy.a(usbd_conf.o)
                0x0800680c                HAL_PCD_DataInStageCallback
 .text.HAL_PCD_SOFCallback
                0x08006820        0x8 ../../libDaisy/build\libdaisy.a(usbd_conf.o)
                0x08006820                HAL_PCD_SOFCallback
 .text.HAL_PCD_ResetCallback
                0x08006828       0x24 ../../libDaisy/build\libdaisy.a(usbd_conf.o)
                0x08006828                HAL_PCD_ResetCallback
 .text.HAL_PCD_SuspendCallback
                0x0800684c       0x30 ../../libDaisy/build\libdaisy.a(usbd_conf.o)
                0x0800684c                HAL_PCD_SuspendCallback
 .text.HAL_PCD_ResumeCallback
                0x0800687c        0x8 ../../libDaisy/build\libdaisy.a(usbd_conf.o)
                0x0800687c                HAL_PCD_ResumeCallback
 .text.HAL_PCD_ISOOUTIncompleteCallback
                0x08006884        0x8 ../../libDaisy/build\libdaisy.a(usbd_conf.o)
                0x08006884                HAL_PCD_ISOOUTIncompleteCallback
 .text.HAL_PCD_ISOINIncompleteCallback
                0x0800688c        0x8 ../../libDaisy/build\libdaisy.a(usbd_conf.o)
                0x0800688c                HAL_PCD_ISOINIncompleteCallback
 .text.HAL_PCD_ConnectCallback
                0x08006894        0x8 ../../libDaisy/build\libdaisy.a(usbd_conf.o)
                0x08006894                HAL_PCD_ConnectCallback
 .text.HAL_PCD_DisconnectCallback
                0x0800689c        0x8 ../../libDaisy/build\libdaisy.a(usbd_conf.o)
                0x0800689c                HAL_PCD_DisconnectCallback
 .text.USBD_LL_Init
                0x080068a4       0xe4 ../../libDaisy/build\libdaisy.a(usbd_conf.o)
                0x080068a4                USBD_LL_Init
 .text.USBD_LL_Start
                0x08006988       0x1c ../../libDaisy/build\libdaisy.a(usbd_conf.o)
                0x08006988                USBD_LL_Start
 .text.USBD_LL_OpenEP
                0x080069a4       0x24 ../../libDaisy/build\libdaisy.a(usbd_conf.o)
                0x080069a4                USBD_LL_OpenEP
 .text.USBD_LL_CloseEP
                0x080069c8       0x1c ../../libDaisy/build\libdaisy.a(usbd_conf.o)
                0x080069c8                USBD_LL_CloseEP
 .text.USBD_LL_StallEP
                0x080069e4       0x1c ../../libDaisy/build\libdaisy.a(usbd_conf.o)
                0x080069e4                USBD_LL_StallEP
 .text.USBD_LL_ClearStallEP
                0x08006a00       0x1c ../../libDaisy/build\libdaisy.a(usbd_conf.o)
                0x08006a00                USBD_LL_ClearStallEP
 .text.USBD_LL_IsStallEP
                0x08006a1c       0x28 ../../libDaisy/build\libdaisy.a(usbd_conf.o)
                0x08006a1c                USBD_LL_IsStallEP
 .text.USBD_LL_SetUSBAddress
                0x08006a44       0x1c ../../libDaisy/build\libdaisy.a(usbd_conf.o)
                0x08006a44                USBD_LL_SetUSBAddress
 .text.USBD_LL_Transmit
                0x08006a60       0x1c ../../libDaisy/build\libdaisy.a(usbd_conf.o)
                0x08006a60                USBD_LL_Transmit
 .text.USBD_LL_PrepareReceive
                0x08006a7c       0x1c ../../libDaisy/build\libdaisy.a(usbd_conf.o)
                0x08006a7c                USBD_LL_PrepareReceive
 .text.USBD_LL_GetRxDataSize
                0x08006a98        0x8 ../../libDaisy/build\libdaisy.a(usbd_conf.o)
                0x08006a98                USBD_LL_GetRxDataSize
 .text.USBD_HS_DeviceDescriptor
                0x08006aa0        0xc ../../libDaisy/build\libdaisy.a(usbd_desc.o)
                0x08006aa0                USBD_HS_DeviceDescriptor
 .text.USBD_FS_DeviceDescriptor
                0x08006aac        0xc ../../libDaisy/build\libdaisy.a(usbd_desc.o)
                0x08006aac                USBD_FS_DeviceDescriptor
 .text.USBD_FS_LangIDStrDescriptor
                0x08006ab8        0xc ../../libDaisy/build\libdaisy.a(usbd_desc.o)
                0x08006ab8                USBD_FS_LangIDStrDescriptor
 .text.USBD_FS_ManufacturerStrDescriptor
                0x08006ac4       0x1c ../../libDaisy/build\libdaisy.a(usbd_desc.o)
                0x08006ac4                USBD_FS_ManufacturerStrDescriptor
 .text.USBD_HS_ProductStrDescriptor
                0x08006ae0       0x1c ../../libDaisy/build\libdaisy.a(usbd_desc.o)
                0x08006ae0                USBD_HS_ProductStrDescriptor
 .text.USBD_FS_ConfigStrDescriptor
                0x08006afc       0x1c ../../libDaisy/build\libdaisy.a(usbd_desc.o)
                0x08006afc                USBD_FS_ConfigStrDescriptor
 .text.USBD_FS_InterfaceStrDescriptor
                0x08006b18       0x1c ../../libDaisy/build\libdaisy.a(usbd_desc.o)
                0x08006b18                USBD_FS_InterfaceStrDescriptor
 .text.USBD_FS_ProductStrDescriptor
                0x08006b34       0x1c ../../libDaisy/build\libdaisy.a(usbd_desc.o)
                0x08006b34                USBD_FS_ProductStrDescriptor
 .text.USBD_HS_LangIDStrDescriptor
                0x08006b50        0xc ../../libDaisy/build\libdaisy.a(usbd_desc.o)
                0x08006b50                USBD_HS_LangIDStrDescriptor
 .text.USBD_HS_ManufacturerStrDescriptor
                0x08006b5c       0x1c ../../libDaisy/build\libdaisy.a(usbd_desc.o)
                0x08006b5c                USBD_HS_ManufacturerStrDescriptor
 .text.USBD_FS_SerialStrDescriptor
                0x08006b78      0x124 ../../libDaisy/build\libdaisy.a(usbd_desc.o)
                0x08006b78                USBD_FS_SerialStrDescriptor
 .text.USBD_HS_SerialStrDescriptor
                0x08006c9c      0x124 ../../libDaisy/build\libdaisy.a(usbd_desc.o)
                0x08006c9c                USBD_HS_SerialStrDescriptor
 .text.USBD_HS_InterfaceStrDescriptor
                0x08006dc0       0x1c ../../libDaisy/build\libdaisy.a(usbd_desc.o)
                0x08006dc0                USBD_HS_InterfaceStrDescriptor
 .text.USBD_HS_ConfigStrDescriptor
                0x08006ddc       0x1c ../../libDaisy/build\libdaisy.a(usbd_desc.o)
                0x08006ddc                USBD_HS_ConfigStrDescriptor
 .text.HAL_HCD_SOF_Callback
                0x08006df8        0x8 ../../libDaisy/build\libdaisy.a(usbh_conf.o)
                0x08006df8                HAL_HCD_SOF_Callback
 .text.HAL_HCD_Connect_Callback
                0x08006e00        0x8 ../../libDaisy/build\libdaisy.a(usbh_conf.o)
                0x08006e00                HAL_HCD_Connect_Callback
 .text.HAL_HCD_Disconnect_Callback
                0x08006e08        0x8 ../../libDaisy/build\libdaisy.a(usbh_conf.o)
                0x08006e08                HAL_HCD_Disconnect_Callback
 .text.HAL_HCD_HC_NotifyURBChange_Callback
                0x08006e10        0x4 ../../libDaisy/build\libdaisy.a(usbh_conf.o)
                0x08006e10                HAL_HCD_HC_NotifyURBChange_Callback
 .text.HAL_HCD_PortEnabled_Callback
                0x08006e14        0x8 ../../libDaisy/build\libdaisy.a(usbh_conf.o)
                0x08006e14                HAL_HCD_PortEnabled_Callback
 .text.HAL_HCD_PortDisabled_Callback
                0x08006e1c        0x8 ../../libDaisy/build\libdaisy.a(usbh_conf.o)
                0x08006e1c                HAL_HCD_PortDisabled_Callback
 .text.USBH_LL_Stop
                0x08006e24       0x1c ../../libDaisy/build\libdaisy.a(usbh_conf.o)
                0x08006e24                USBH_LL_Stop
 .text._ZN5daisy5Color4InitENS0_11PresetColorE
                0x08006e40       0x20 ../../libDaisy/build\libdaisy.a(color.o)
                0x08006e40                daisy::Color::Init(daisy::Color::PresetColor)
 .text.dsy_hal_map_get_port
                0x08006e60       0x10 ../../libDaisy/build\libdaisy.a(hal_map.o)
                0x08006e60                dsy_hal_map_get_port
 .text.dsy_hal_map_get_pin
                0x08006e70       0x10 ../../libDaisy/build\libdaisy.a(hal_map.o)
                0x08006e70                dsy_hal_map_get_pin
 .text.dsy_hal_map_gpio_clk_enable
                0x08006e80      0x150 ../../libDaisy/build\libdaisy.a(hal_map.o)
                0x08006e80                dsy_hal_map_gpio_clk_enable
 .text.HAL_MspInit
                0x08006fd0        0x4 ../../libDaisy/build\libdaisy.a(stm32h7xx_hal.o)
                0x08006fd0                HAL_MspInit
 .text.HAL_InitTick
                0x08006fd4       0x4c ../../libDaisy/build\libdaisy.a(stm32h7xx_hal.o)
                0x08006fd4                HAL_InitTick
 .text.HAL_Init
                0x08007020       0x60 ../../libDaisy/build\libdaisy.a(stm32h7xx_hal.o)
                0x08007020                HAL_Init
 .text.HAL_IncTick
                0x08007080       0x18 ../../libDaisy/build\libdaisy.a(stm32h7xx_hal.o)
                0x08007080                HAL_IncTick
 .text.HAL_GetTick
                0x08007098        0xc ../../libDaisy/build\libdaisy.a(stm32h7xx_hal.o)
                0x08007098                HAL_GetTick
 .text.HAL_Delay
                0x080070a4       0x24 ../../libDaisy/build\libdaisy.a(stm32h7xx_hal.o)
                0x080070a4                HAL_Delay
 .text.HAL_GetREVID
                0x080070c8        0xc ../../libDaisy/build\libdaisy.a(stm32h7xx_hal.o)
                0x080070c8                HAL_GetREVID
 .text.HAL_ADC_ConvHalfCpltCallback
                0x080070d4        0x4 ../../libDaisy/build\libdaisy.a(stm32h7xx_hal_adc.o)
                0x080070d4                HAL_ADC_ConvHalfCpltCallback
 .text.ADC_DMAHalfConvCplt
                0x080070d8        0xc ../../libDaisy/build\libdaisy.a(stm32h7xx_hal_adc.o)
                0x080070d8                ADC_DMAHalfConvCplt
 .text.ADC_DMAConvCplt
                0x080070e4       0x6c ../../libDaisy/build\libdaisy.a(stm32h7xx_hal_adc.o)
                0x080070e4                ADC_DMAConvCplt
 .text.ADC_DMAError
                0x08007150       0x1c ../../libDaisy/build\libdaisy.a(stm32h7xx_hal_adc.o)
                0x08007150                ADC_DMAError
 .text.HAL_ADC_ConfigChannel
                0x0800716c      0x3fc ../../libDaisy/build\libdaisy.a(stm32h7xx_hal_adc.o)
                0x0800716c                HAL_ADC_ConfigChannel
 .text.ADC_Enable
                0x08007568       0xac ../../libDaisy/build\libdaisy.a(stm32h7xx_hal_adc.o)
                0x08007568                ADC_Enable
 .text.HAL_ADC_Start_DMA
                0x08007614      0x114 ../../libDaisy/build\libdaisy.a(stm32h7xx_hal_adc.o)
                0x08007614                HAL_ADC_Start_DMA
 .text.ADC_Disable
                0x08007728       0x68 ../../libDaisy/build\libdaisy.a(stm32h7xx_hal_adc.o)
                0x08007728                ADC_Disable
 .text.ADC_ConfigureBoostMode
                0x08007790      0x184 ../../libDaisy/build\libdaisy.a(stm32h7xx_hal_adc.o)
                0x08007790                ADC_ConfigureBoostMode
 .text.HAL_ADC_Init
                0x08007914      0x218 ../../libDaisy/build\libdaisy.a(stm32h7xx_hal_adc.o)
                0x08007914                HAL_ADC_Init
 .text.HAL_ADCEx_Calibration_Start
                0x08007b2c       0xa4 ../../libDaisy/build\libdaisy.a(stm32h7xx_hal_adc_ex.o)
                0x08007b2c                HAL_ADCEx_Calibration_Start
 .text.HAL_ADCEx_MultiModeConfigChannel
                0x08007bd0       0xc4 ../../libDaisy/build\libdaisy.a(stm32h7xx_hal_adc_ex.o)
                0x08007bd0                HAL_ADCEx_MultiModeConfigChannel
 .text.HAL_NVIC_SetPriorityGrouping
                0x08007c94       0x24 ../../libDaisy/build\libdaisy.a(stm32h7xx_hal_cortex.o)
                0x08007c94                HAL_NVIC_SetPriorityGrouping
 .text.HAL_NVIC_SetPriority
                0x08007cb8       0x7c ../../libDaisy/build\libdaisy.a(stm32h7xx_hal_cortex.o)
                0x08007cb8                HAL_NVIC_SetPriority
 .text.HAL_NVIC_EnableIRQ
                0x08007d34       0x1c ../../libDaisy/build\libdaisy.a(stm32h7xx_hal_cortex.o)
                0x08007d34                HAL_NVIC_EnableIRQ
 .text.HAL_NVIC_DisableIRQ
                0x08007d50       0x28 ../../libDaisy/build\libdaisy.a(stm32h7xx_hal_cortex.o)
                0x08007d50                HAL_NVIC_DisableIRQ
 .text.HAL_SYSTICK_Config
                0x08007d78       0x2c ../../libDaisy/build\libdaisy.a(stm32h7xx_hal_cortex.o)
                0x08007d78                HAL_SYSTICK_Config
 .text.HAL_MPU_Disable
                0x08007da4       0x1c ../../libDaisy/build\libdaisy.a(stm32h7xx_hal_cortex.o)
                0x08007da4                HAL_MPU_Disable
 .text.HAL_MPU_Enable
                0x08007dc0       0x20 ../../libDaisy/build\libdaisy.a(stm32h7xx_hal_cortex.o)
                0x08007dc0                HAL_MPU_Enable
 .text.HAL_MPU_ConfigRegion
                0x08007de0       0x64 ../../libDaisy/build\libdaisy.a(stm32h7xx_hal_cortex.o)
                0x08007de0                HAL_MPU_ConfigRegion
 .text.HAL_SYSTICK_Callback
                0x08007e44        0x4 ../../libDaisy/build\libdaisy.a(stm32h7xx_hal_cortex.o)
                0x08007e44                HAL_SYSTICK_Callback
 .text.HAL_SYSTICK_IRQHandler
                0x08007e48        0x8 ../../libDaisy/build\libdaisy.a(stm32h7xx_hal_cortex.o)
                0x08007e48                HAL_SYSTICK_IRQHandler
 .text.DMA_CalcBaseAndBitshift
                0x08007e50       0xf4 ../../libDaisy/build\libdaisy.a(stm32h7xx_hal_dma.o)
 .text.DMA_CalcDMAMUXChannelBaseAndMask
                0x08007f44       0xd8 ../../libDaisy/build\libdaisy.a(stm32h7xx_hal_dma.o)
 .text.HAL_DMA_Init
                0x0800801c      0x37c ../../libDaisy/build\libdaisy.a(stm32h7xx_hal_dma.o)
                0x0800801c                HAL_DMA_Init
 .text.HAL_DMA_Start_IT
                0x08008398      0x240 ../../libDaisy/build\libdaisy.a(stm32h7xx_hal_dma.o)
                0x08008398                HAL_DMA_Start_IT
 .text.HAL_DMA_Abort_IT
                0x080085d8      0x134 ../../libDaisy/build\libdaisy.a(stm32h7xx_hal_dma.o)
                0x080085d8                HAL_DMA_Abort_IT
 .text.HAL_DMA_IRQHandler
                0x0800870c      0x6a0 ../../libDaisy/build\libdaisy.a(stm32h7xx_hal_dma.o)
                0x0800870c                HAL_DMA_IRQHandler
 .text.HAL_DMA_GetError
                0x08008dac        0x4 ../../libDaisy/build\libdaisy.a(stm32h7xx_hal_dma.o)
                0x08008dac                HAL_DMA_GetError
 .text.HAL_GPIO_Init
                0x08008db0      0x280 ../../libDaisy/build\libdaisy.a(stm32h7xx_hal_gpio.o)
                0x08008db0                HAL_GPIO_Init
 .text.HAL_GPIO_DeInit
                0x08009030      0x190 ../../libDaisy/build\libdaisy.a(stm32h7xx_hal_gpio.o)
                0x08009030                HAL_GPIO_DeInit
 .text.HAL_GPIO_ReadPin
                0x080091c0        0xc ../../libDaisy/build\libdaisy.a(stm32h7xx_hal_gpio.o)
                0x080091c0                HAL_GPIO_ReadPin
 .text.HAL_GPIO_WritePin
                0x080091cc        0x8 ../../libDaisy/build\libdaisy.a(stm32h7xx_hal_gpio.o)
                0x080091cc                HAL_GPIO_WritePin
 .text.HAL_HCD_IRQHandler
                0x080091d4      0x780 ../../libDaisy/build\libdaisy.a(stm32h7xx_hal_hcd.o)
                0x080091d4                HAL_HCD_IRQHandler
 .text.HAL_HCD_Stop
                0x08009954       0x28 ../../libDaisy/build\libdaisy.a(stm32h7xx_hal_hcd.o)
                0x08009954                HAL_HCD_Stop
 .text.I2C_WaitOnTXISFlagUntilTimeout
                0x0800997c       0xb8 ../../libDaisy/build\libdaisy.a(stm32h7xx_hal_i2c.o)
 .text.I2C_WaitOnSTOPFlagUntilTimeout
                0x08009a34       0xac ../../libDaisy/build\libdaisy.a(stm32h7xx_hal_i2c.o)
 .text.HAL_I2C_Init
                0x08009ae0       0xac ../../libDaisy/build\libdaisy.a(stm32h7xx_hal_i2c.o)
                0x08009ae0                HAL_I2C_Init
 .text.HAL_I2C_Master_Transmit
                0x08009b8c      0x1a8 ../../libDaisy/build\libdaisy.a(stm32h7xx_hal_i2c.o)
                0x08009b8c                HAL_I2C_Master_Transmit
 .text.HAL_I2C_Slave_Transmit
                0x08009d34      0x1c8 ../../libDaisy/build\libdaisy.a(stm32h7xx_hal_i2c.o)
                0x08009d34                HAL_I2C_Slave_Transmit
 .text.HAL_I2C_EV_IRQHandler
                0x08009efc       0x10 ../../libDaisy/build\libdaisy.a(stm32h7xx_hal_i2c.o)
                0x08009efc                HAL_I2C_EV_IRQHandler
 .text.HAL_I2C_GetState
                0x08009f0c        0x8 ../../libDaisy/build\libdaisy.a(stm32h7xx_hal_i2c.o)
                0x08009f0c                HAL_I2C_GetState
 .text.HAL_I2CEx_ConfigAnalogFilter
                0x08009f14       0x54 ../../libDaisy/build\libdaisy.a(stm32h7xx_hal_i2c_ex.o)
                0x08009f14                HAL_I2CEx_ConfigAnalogFilter
 .text.HAL_I2CEx_ConfigDigitalFilter
                0x08009f68       0x58 ../../libDaisy/build\libdaisy.a(stm32h7xx_hal_i2c_ex.o)
                0x08009f68                HAL_I2CEx_ConfigDigitalFilter
 .text.HAL_PCD_Init
                0x08009fc0      0x12c ../../libDaisy/build\libdaisy.a(stm32h7xx_hal_pcd.o)
                0x08009fc0                HAL_PCD_Init
 .text.HAL_PCD_Start
                0x0800a0ec       0x44 ../../libDaisy/build\libdaisy.a(stm32h7xx_hal_pcd.o)
                0x0800a0ec                HAL_PCD_Start
 .text.HAL_PCD_IRQHandler
                0x0800a130      0x69c ../../libDaisy/build\libdaisy.a(stm32h7xx_hal_pcd.o)
                0x0800a130                HAL_PCD_IRQHandler
 .text.HAL_PCD_SetAddress
                0x0800a7cc       0x2c ../../libDaisy/build\libdaisy.a(stm32h7xx_hal_pcd.o)
                0x0800a7cc                HAL_PCD_SetAddress
 .text.HAL_PCD_EP_Open
                0x0800a7f8       0x7c ../../libDaisy/build\libdaisy.a(stm32h7xx_hal_pcd.o)
                0x0800a7f8                HAL_PCD_EP_Open
 .text.HAL_PCD_EP_Close
                0x0800a874       0x6c ../../libDaisy/build\libdaisy.a(stm32h7xx_hal_pcd.o)
                0x0800a874                HAL_PCD_EP_Close
 .text.HAL_PCD_EP_Receive
                0x0800a8e0       0x50 ../../libDaisy/build\libdaisy.a(stm32h7xx_hal_pcd.o)
                0x0800a8e0                HAL_PCD_EP_Receive
 .text.HAL_PCD_EP_GetRxCount
                0x0800a930       0x14 ../../libDaisy/build\libdaisy.a(stm32h7xx_hal_pcd.o)
                0x0800a930                HAL_PCD_EP_GetRxCount
 .text.HAL_PCD_EP_Transmit
                0x0800a944       0x50 ../../libDaisy/build\libdaisy.a(stm32h7xx_hal_pcd.o)
                0x0800a944                HAL_PCD_EP_Transmit
 .text.HAL_PCD_EP_SetStall
                0x0800a994       0x88 ../../libDaisy/build\libdaisy.a(stm32h7xx_hal_pcd.o)
                0x0800a994                HAL_PCD_EP_SetStall
 .text.HAL_PCD_EP_ClrStall
                0x0800aa1c       0x78 ../../libDaisy/build\libdaisy.a(stm32h7xx_hal_pcd.o)
                0x0800aa1c                HAL_PCD_EP_ClrStall
 .text.HAL_PCDEx_SetTxFiFo
                0x0800aa94       0x54 ../../libDaisy/build\libdaisy.a(stm32h7xx_hal_pcd_ex.o)
                0x0800aa94                HAL_PCDEx_SetTxFiFo
 .text.HAL_PCDEx_SetRxFiFo
                0x0800aae8        0xc ../../libDaisy/build\libdaisy.a(stm32h7xx_hal_pcd_ex.o)
                0x0800aae8                HAL_PCDEx_SetRxFiFo
 .text.HAL_PCDEx_ActivateLPM
                0x0800aaf4       0x30 ../../libDaisy/build\libdaisy.a(stm32h7xx_hal_pcd_ex.o)
                0x0800aaf4                HAL_PCDEx_ActivateLPM
 .text.HAL_PCDEx_LPM_Callback
                0x0800ab24        0x4 ../../libDaisy/build\libdaisy.a(stm32h7xx_hal_pcd_ex.o)
                0x0800ab24                HAL_PCDEx_LPM_Callback
 .text.HAL_PWREx_ConfigSupply
                0x0800ab28       0x4c ../../libDaisy/build\libdaisy.a(stm32h7xx_hal_pwr_ex.o)
                0x0800ab28                HAL_PWREx_ConfigSupply
 .text.HAL_PWREx_EnableUSBVoltageDetector
                0x0800ab74       0x10 ../../libDaisy/build\libdaisy.a(stm32h7xx_hal_pwr_ex.o)
                0x0800ab74                HAL_PWREx_EnableUSBVoltageDetector
 .text.QSPI_Config
                0x0800ab84      0x174 ../../libDaisy/build\libdaisy.a(stm32h7xx_hal_qspi.o)
 .text.HAL_QSPI_Init
                0x0800acf8       0xd8 ../../libDaisy/build\libdaisy.a(stm32h7xx_hal_qspi.o)
                0x0800acf8                HAL_QSPI_Init
 .text.HAL_QSPI_DeInit
                0x0800add0       0x3c ../../libDaisy/build\libdaisy.a(stm32h7xx_hal_qspi.o)
                0x0800add0                HAL_QSPI_DeInit
 .text.HAL_QSPI_Command
                0x0800ae0c       0xd4 ../../libDaisy/build\libdaisy.a(stm32h7xx_hal_qspi.o)
                0x0800ae0c                HAL_QSPI_Command
 .text.HAL_QSPI_Transmit
                0x0800aee0       0xfc ../../libDaisy/build\libdaisy.a(stm32h7xx_hal_qspi.o)
                0x0800aee0                HAL_QSPI_Transmit
 .text.HAL_QSPI_Receive
                0x0800afdc      0x108 ../../libDaisy/build\libdaisy.a(stm32h7xx_hal_qspi.o)
                0x0800afdc                HAL_QSPI_Receive
 .text.HAL_QSPI_AutoPolling
                0x0800b0e4       0xf0 ../../libDaisy/build\libdaisy.a(stm32h7xx_hal_qspi.o)
                0x0800b0e4                HAL_QSPI_AutoPolling
 .text.HAL_QSPI_MemoryMapped
                0x0800b1d4       0xc0 ../../libDaisy/build\libdaisy.a(stm32h7xx_hal_qspi.o)
                0x0800b1d4                HAL_QSPI_MemoryMapped
 .text.HAL_QSPI_ErrorCallback
                0x0800b294        0x4 ../../libDaisy/build\libdaisy.a(stm32h7xx_hal_qspi.o)
                0x0800b294                HAL_QSPI_ErrorCallback
 .text.QSPI_DMAAbortCplt
                0x0800b298       0x38 ../../libDaisy/build\libdaisy.a(stm32h7xx_hal_qspi.o)
 .text.HAL_QSPI_AbortCpltCallback
                0x0800b2d0        0x4 ../../libDaisy/build\libdaisy.a(stm32h7xx_hal_qspi.o)
                0x0800b2d0                HAL_QSPI_AbortCpltCallback
 .text.HAL_QSPI_CmdCpltCallback
                0x0800b2d4        0x4 ../../libDaisy/build\libdaisy.a(stm32h7xx_hal_qspi.o)
                0x0800b2d4                HAL_QSPI_CmdCpltCallback
 .text.HAL_QSPI_RxCpltCallback
                0x0800b2d8        0x4 ../../libDaisy/build\libdaisy.a(stm32h7xx_hal_qspi.o)
                0x0800b2d8                HAL_QSPI_RxCpltCallback
 .text.HAL_QSPI_TxCpltCallback
                0x0800b2dc        0x4 ../../libDaisy/build\libdaisy.a(stm32h7xx_hal_qspi.o)
                0x0800b2dc                HAL_QSPI_TxCpltCallback
 .text.HAL_QSPI_FifoThresholdCallback
                0x0800b2e0        0x4 ../../libDaisy/build\libdaisy.a(stm32h7xx_hal_qspi.o)
                0x0800b2e0                HAL_QSPI_FifoThresholdCallback
 .text.HAL_QSPI_StatusMatchCallback
                0x0800b2e4        0x4 ../../libDaisy/build\libdaisy.a(stm32h7xx_hal_qspi.o)
                0x0800b2e4                HAL_QSPI_StatusMatchCallback
 .text.HAL_QSPI_TimeOutCallback
                0x0800b2e8        0x4 ../../libDaisy/build\libdaisy.a(stm32h7xx_hal_qspi.o)
                0x0800b2e8                HAL_QSPI_TimeOutCallback
 .text.HAL_QSPI_IRQHandler
                0x0800b2ec      0x210 ../../libDaisy/build\libdaisy.a(stm32h7xx_hal_qspi.o)
                0x0800b2ec                HAL_QSPI_IRQHandler
 .text.HAL_RCC_OscConfig
                0x0800b4fc      0x51c ../../libDaisy/build\libdaisy.a(stm32h7xx_hal_rcc.o)
                0x0800b4fc                HAL_RCC_OscConfig
 .text.HAL_RCC_GetSysClockFreq
                0x0800ba18      0x140 ../../libDaisy/build\libdaisy.a(stm32h7xx_hal_rcc.o)
                0x0800ba18                HAL_RCC_GetSysClockFreq
 .text.HAL_RCC_ClockConfig
                0x0800bb58      0x234 ../../libDaisy/build\libdaisy.a(stm32h7xx_hal_rcc.o)
                0x0800bb58                HAL_RCC_ClockConfig
 .text.HAL_RCC_GetHCLKFreq
                0x0800bd8c       0x2c ../../libDaisy/build\libdaisy.a(stm32h7xx_hal_rcc.o)
                0x0800bd8c                HAL_RCC_GetHCLKFreq
 .text.HAL_RCC_GetPCLK1Freq
                0x0800bdb8       0x38 ../../libDaisy/build\libdaisy.a(stm32h7xx_hal_rcc.o)
                0x0800bdb8                HAL_RCC_GetPCLK1Freq
 .text.HAL_RCC_GetPCLK2Freq
                0x0800bdf0       0x38 ../../libDaisy/build\libdaisy.a(stm32h7xx_hal_rcc.o)
                0x0800bdf0                HAL_RCC_GetPCLK2Freq
 .text.RCCEx_PLL2_Config
                0x0800be28       0xf4 ../../libDaisy/build\libdaisy.a(stm32h7xx_hal_rcc_ex.o)
 .text.RCCEx_PLL3_Config
                0x0800bf1c       0xf4 ../../libDaisy/build\libdaisy.a(stm32h7xx_hal_rcc_ex.o)
 .text.HAL_RCCEx_PeriphCLKConfig
                0x0800c010      0xa7c ../../libDaisy/build\libdaisy.a(stm32h7xx_hal_rcc_ex.o)
                0x0800c010                HAL_RCCEx_PeriphCLKConfig
 .text.HAL_RCCEx_GetD3PCLK1Freq
                0x0800ca8c       0x24 ../../libDaisy/build\libdaisy.a(stm32h7xx_hal_rcc_ex.o)
                0x0800ca8c                HAL_RCCEx_GetD3PCLK1Freq
 .text.HAL_RCCEx_GetPLL2ClockFreq
                0x0800cab0      0x17c ../../libDaisy/build\libdaisy.a(stm32h7xx_hal_rcc_ex.o)
                0x0800cab0                HAL_RCCEx_GetPLL2ClockFreq
 .text.HAL_RCCEx_GetPLL3ClockFreq
                0x0800cc2c      0x17c ../../libDaisy/build\libdaisy.a(stm32h7xx_hal_rcc_ex.o)
                0x0800cc2c                HAL_RCCEx_GetPLL3ClockFreq
 .text.HAL_RCCEx_GetPLL1ClockFreq
                0x0800cda8      0x17c ../../libDaisy/build\libdaisy.a(stm32h7xx_hal_rcc_ex.o)
                0x0800cda8                HAL_RCCEx_GetPLL1ClockFreq
 .text.HAL_RCCEx_GetPeriphCLKFreq
                0x0800cf24      0x198 ../../libDaisy/build\libdaisy.a(stm32h7xx_hal_rcc_ex.o)
                0x0800cf24                HAL_RCCEx_GetPeriphCLKFreq
 .text.HAL_RCCEx_GetD1SysClockFreq
                0x0800d0bc       0x2c ../../libDaisy/build\libdaisy.a(stm32h7xx_hal_rcc_ex.o)
                0x0800d0bc                HAL_RCCEx_GetD1SysClockFreq
 .text.HAL_SAI_Init.part.0
                0x0800d0e8      0x348 ../../libDaisy/build\libdaisy.a(stm32h7xx_hal_sai.o)
 .text.HAL_SAI_InitProtocol
                0x0800d430      0x178 ../../libDaisy/build\libdaisy.a(stm32h7xx_hal_sai.o)
                0x0800d430                HAL_SAI_InitProtocol
 .text.HAL_SAI_Transmit_DMA
                0x0800d5a8      0x124 ../../libDaisy/build\libdaisy.a(stm32h7xx_hal_sai.o)
                0x0800d5a8                HAL_SAI_Transmit_DMA
 .text.HAL_SAI_Receive_DMA
                0x0800d6cc       0xd0 ../../libDaisy/build\libdaisy.a(stm32h7xx_hal_sai.o)
                0x0800d6cc                HAL_SAI_Receive_DMA
 .text.HAL_SAI_TxCpltCallback
                0x0800d79c        0x4 ../../libDaisy/build\libdaisy.a(stm32h7xx_hal_sai.o)
                0x0800d79c                HAL_SAI_TxCpltCallback
 .text.SAI_DMATxCplt
                0x0800d7a0       0x64 ../../libDaisy/build\libdaisy.a(stm32h7xx_hal_sai.o)
 .text.HAL_SAI_TxHalfCpltCallback
                0x0800d804        0x4 ../../libDaisy/build\libdaisy.a(stm32h7xx_hal_sai.o)
                0x0800d804                HAL_SAI_TxHalfCpltCallback
 .text.SAI_DMATxHalfCplt
                0x0800d808        0xc ../../libDaisy/build\libdaisy.a(stm32h7xx_hal_sai.o)
 .text.SAI_DMARxCplt
                0x0800d814       0x64 ../../libDaisy/build\libdaisy.a(stm32h7xx_hal_sai.o)
 .text.SAI_DMARxHalfCplt
                0x0800d878        0xc ../../libDaisy/build\libdaisy.a(stm32h7xx_hal_sai.o)
 .text.HAL_SAI_ErrorCallback
                0x0800d884        0x4 ../../libDaisy/build\libdaisy.a(stm32h7xx_hal_sai.o)
                0x0800d884                HAL_SAI_ErrorCallback
 .text.SAI_DMAError
                0x0800d888       0x6c ../../libDaisy/build\libdaisy.a(stm32h7xx_hal_sai.o)
 .text.HAL_SDRAM_Init
                0x0800d8f4       0x54 ../../libDaisy/build\libdaisy.a(stm32h7xx_hal_sdram.o)
                0x0800d8f4                HAL_SDRAM_Init
 .text.HAL_SDRAM_SendCommand
                0x0800d948       0x40 ../../libDaisy/build\libdaisy.a(stm32h7xx_hal_sdram.o)
                0x0800d948                HAL_SDRAM_SendCommand
 .text.HAL_SDRAM_ProgramRefreshRate
                0x0800d988       0x30 ../../libDaisy/build\libdaisy.a(stm32h7xx_hal_sdram.o)
                0x0800d988                HAL_SDRAM_ProgramRefreshRate
 .text.HAL_UART_Transmit_DMA
                0x0800d9b8       0xa4 ../../libDaisy/build\libdaisy.a(stm32h7xx_hal_uart.o)
                0x0800d9b8                HAL_UART_Transmit_DMA
 .text.HAL_UART_Receive_DMA
                0x0800da5c       0xac ../../libDaisy/build\libdaisy.a(stm32h7xx_hal_uart.o)
                0x0800da5c                HAL_UART_Receive_DMA
 .text.UART_DMATransmitCplt
                0x0800db08       0x2c ../../libDaisy/build\libdaisy.a(stm32h7xx_hal_uart.o)
 .text.HAL_UART_TxHalfCpltCallback
                0x0800db34        0x4 ../../libDaisy/build\libdaisy.a(stm32h7xx_hal_uart.o)
                0x0800db34                HAL_UART_TxHalfCpltCallback
 .text.UART_DMATxHalfCplt
                0x0800db38        0xc ../../libDaisy/build\libdaisy.a(stm32h7xx_hal_uart.o)
 .text.UART_DMAReceiveCplt
                0x0800db44       0x38 ../../libDaisy/build\libdaisy.a(stm32h7xx_hal_uart.o)
 .text.UART_DMARxHalfCplt
                0x0800db7c        0xc ../../libDaisy/build\libdaisy.a(stm32h7xx_hal_uart.o)
 .text.UART_DMAError
                0x0800db88       0x78 ../../libDaisy/build\libdaisy.a(stm32h7xx_hal_uart.o)
 .text.HAL_UART_IRQHandler
                0x0800dc00      0x1d0 ../../libDaisy/build\libdaisy.a(stm32h7xx_hal_uart.o)
                0x0800dc00                HAL_UART_IRQHandler
 .text.UART_DMAAbortOnError
                0x0800ddd0       0x14 ../../libDaisy/build\libdaisy.a(stm32h7xx_hal_uart.o)
 .text.HAL_UART_GetState
                0x0800dde4        0xc ../../libDaisy/build\libdaisy.a(stm32h7xx_hal_uart.o)
                0x0800dde4                HAL_UART_GetState
 .text.UART_SetConfig
                0x0800ddf0     0x14b8 ../../libDaisy/build\libdaisy.a(stm32h7xx_hal_uart.o)
                0x0800ddf0                UART_SetConfig
 .text.UART_AdvFeatureConfig
                0x0800f2a8       0xb0 ../../libDaisy/build\libdaisy.a(stm32h7xx_hal_uart.o)
                0x0800f2a8                UART_AdvFeatureConfig
 .text.UART_CheckIdleState
                0x0800f358       0x84 ../../libDaisy/build\libdaisy.a(stm32h7xx_hal_uart.o)
                0x0800f358                UART_CheckIdleState
 .text.HAL_UART_Init
                0x0800f3dc       0x68 ../../libDaisy/build\libdaisy.a(stm32h7xx_hal_uart.o)
                0x0800f3dc                HAL_UART_Init
 .text.HAL_UARTEx_WakeupCallback
                0x0800f444        0x4 ../../libDaisy/build\libdaisy.a(stm32h7xx_hal_uart_ex.o)
                0x0800f444                HAL_UARTEx_WakeupCallback
 .text.HAL_UARTEx_RxFifoFullCallback
                0x0800f448        0x4 ../../libDaisy/build\libdaisy.a(stm32h7xx_hal_uart_ex.o)
                0x0800f448                HAL_UARTEx_RxFifoFullCallback
 .text.HAL_UARTEx_TxFifoEmptyCallback
                0x0800f44c        0x4 ../../libDaisy/build\libdaisy.a(stm32h7xx_hal_uart_ex.o)
                0x0800f44c                HAL_UARTEx_TxFifoEmptyCallback
 .text.HAL_UARTEx_DisableFifoMode
                0x0800f450       0x3c ../../libDaisy/build\libdaisy.a(stm32h7xx_hal_uart_ex.o)
                0x0800f450                HAL_UARTEx_DisableFifoMode
 .text.HAL_UARTEx_SetTxFifoThreshold
                0x0800f48c       0x9c ../../libDaisy/build\libdaisy.a(stm32h7xx_hal_uart_ex.o)
                0x0800f48c                HAL_UARTEx_SetTxFifoThreshold
 .text.HAL_UARTEx_SetRxFifoThreshold
                0x0800f528       0x9c ../../libDaisy/build\libdaisy.a(stm32h7xx_hal_uart_ex.o)
                0x0800f528                HAL_UARTEx_SetRxFifoThreshold
 .text.FMC_SDRAM_Init
                0x0800f5c4       0x7c ../../libDaisy/build\libdaisy.a(stm32h7xx_ll_fmc.o)
                0x0800f5c4                FMC_SDRAM_Init
 .text.FMC_SDRAM_Timing_Init
                0x0800f640       0x98 ../../libDaisy/build\libdaisy.a(stm32h7xx_ll_fmc.o)
                0x0800f640                FMC_SDRAM_Timing_Init
 .text.FMC_SDRAM_SendCommand
                0x0800f6d8       0x28 ../../libDaisy/build\libdaisy.a(stm32h7xx_ll_fmc.o)
                0x0800f6d8                FMC_SDRAM_SendCommand
 .text.FMC_SDRAM_ProgramRefreshRate
                0x0800f700       0x1c ../../libDaisy/build\libdaisy.a(stm32h7xx_ll_fmc.o)
                0x0800f700                FMC_SDRAM_ProgramRefreshRate
 .text.USB_CoreInit
                0x0800f71c      0x124 ../../libDaisy/build\libdaisy.a(stm32h7xx_ll_usb.o)
                0x0800f71c                USB_CoreInit
 .text.USB_SetTurnaroundTime
                0x0800f840      0x104 ../../libDaisy/build\libdaisy.a(stm32h7xx_ll_usb.o)
                0x0800f840                USB_SetTurnaroundTime
 .text.USB_EnableGlobalInt
                0x0800f944       0x10 ../../libDaisy/build\libdaisy.a(stm32h7xx_ll_usb.o)
                0x0800f944                USB_EnableGlobalInt
 .text.USB_DisableGlobalInt
                0x0800f954       0x10 ../../libDaisy/build\libdaisy.a(stm32h7xx_ll_usb.o)
                0x0800f954                USB_DisableGlobalInt
 .text.USB_SetCurrentMode
                0x0800f964       0x30 ../../libDaisy/build\libdaisy.a(stm32h7xx_ll_usb.o)
                0x0800f964                USB_SetCurrentMode
 .text.USB_DevInit
                0x0800f994      0x20c ../../libDaisy/build\libdaisy.a(stm32h7xx_ll_usb.o)
                0x0800f994                USB_DevInit
 .text.USB_FlushTxFifo
                0x0800fba0       0x34 ../../libDaisy/build\libdaisy.a(stm32h7xx_ll_usb.o)
                0x0800fba0                USB_FlushTxFifo
 .text.USB_GetDevSpeed
                0x0800fbd4       0x24 ../../libDaisy/build\libdaisy.a(stm32h7xx_ll_usb.o)
                0x0800fbd4                USB_GetDevSpeed
 .text.USB_ActivateEndpoint
                0x0800fbf8       0x90 ../../libDaisy/build\libdaisy.a(stm32h7xx_ll_usb.o)
                0x0800fbf8                USB_ActivateEndpoint
 .text.USB_DeactivateEndpoint
                0x0800fc88       0x84 ../../libDaisy/build\libdaisy.a(stm32h7xx_ll_usb.o)
                0x0800fc88                USB_DeactivateEndpoint
 .text.USB_EPStartXfer
                0x0800fd0c      0x230 ../../libDaisy/build\libdaisy.a(stm32h7xx_ll_usb.o)
                0x0800fd0c                USB_EPStartXfer
 .text.USB_EP0StartXfer
                0x0800ff3c      0x174 ../../libDaisy/build\libdaisy.a(stm32h7xx_ll_usb.o)
                0x0800ff3c                USB_EP0StartXfer
 .text.USB_WritePacket
                0x080100b0       0x2c ../../libDaisy/build\libdaisy.a(stm32h7xx_ll_usb.o)
                0x080100b0                USB_WritePacket
 .text.USB_ReadPacket
                0x080100dc       0x20 ../../libDaisy/build\libdaisy.a(stm32h7xx_ll_usb.o)
                0x080100dc                USB_ReadPacket
 .text.USB_EPSetStall
                0x080100fc       0x68 ../../libDaisy/build\libdaisy.a(stm32h7xx_ll_usb.o)
                0x080100fc                USB_EPSetStall
 .text.USB_EPClearStall
                0x08010164       0x58 ../../libDaisy/build\libdaisy.a(stm32h7xx_ll_usb.o)
                0x08010164                USB_EPClearStall
 .text.USB_SetDevAddress
                0x080101bc       0x24 ../../libDaisy/build\libdaisy.a(stm32h7xx_ll_usb.o)
                0x080101bc                USB_SetDevAddress
 .text.USB_DevConnect
                0x080101e0       0x1c ../../libDaisy/build\libdaisy.a(stm32h7xx_ll_usb.o)
                0x080101e0                USB_DevConnect
 .text.USB_DevDisconnect
                0x080101fc       0x1c ../../libDaisy/build\libdaisy.a(stm32h7xx_ll_usb.o)
                0x080101fc                USB_DevDisconnect
 .text.USB_ReadInterrupts
                0x08010218       0x14 ../../libDaisy/build\libdaisy.a(stm32h7xx_ll_usb.o)
                0x08010218                USB_ReadInterrupts
 .text.USB_ReadDevAllOutEpInterrupt
                0x0801022c       0x1c ../../libDaisy/build\libdaisy.a(stm32h7xx_ll_usb.o)
                0x0801022c                USB_ReadDevAllOutEpInterrupt
 .text.USB_ReadDevAllInEpInterrupt
                0x08010248       0x1c ../../libDaisy/build\libdaisy.a(stm32h7xx_ll_usb.o)
                0x08010248                USB_ReadDevAllInEpInterrupt
 .text.USB_ReadDevOutEPInterrupt
                0x08010264       0x1c ../../libDaisy/build\libdaisy.a(stm32h7xx_ll_usb.o)
                0x08010264                USB_ReadDevOutEPInterrupt
 .text.USB_ReadDevInEPInterrupt
                0x08010280       0x38 ../../libDaisy/build\libdaisy.a(stm32h7xx_ll_usb.o)
                0x08010280                USB_ReadDevInEPInterrupt
 .text.USB_GetMode
                0x080102b8        0x8 ../../libDaisy/build\libdaisy.a(stm32h7xx_ll_usb.o)
                0x080102b8                USB_GetMode
 .text.USB_ActivateSetup
                0x080102c0       0x38 ../../libDaisy/build\libdaisy.a(stm32h7xx_ll_usb.o)
                0x080102c0                USB_ActivateSetup
 .text.USB_EP0_OutStart
                0x080102f8       0x58 ../../libDaisy/build\libdaisy.a(stm32h7xx_ll_usb.o)
                0x080102f8                USB_EP0_OutStart
 .text.USB_InitFSLSPClkSel
                0x08010350       0x44 ../../libDaisy/build\libdaisy.a(stm32h7xx_ll_usb.o)
                0x08010350                USB_InitFSLSPClkSel
 .text.USB_HC_ReadInterrupt
                0x08010394        0x8 ../../libDaisy/build\libdaisy.a(stm32h7xx_ll_usb.o)
                0x08010394                USB_HC_ReadInterrupt
 .text.USB_HC_Halt
                0x0801039c       0xc0 ../../libDaisy/build\libdaisy.a(stm32h7xx_ll_usb.o)
                0x0801039c                USB_HC_Halt
 .text.USB_StopHost
                0x0801045c      0x2ec ../../libDaisy/build\libdaisy.a(stm32h7xx_ll_usb.o)
                0x0801045c                USB_StopHost
 .text.USBD_CDC_EP0_RxReady
                0x08010748       0x2c ../../libDaisy/build\libdaisy.a(usbd_cdc.o)
 .text.USBD_CDC_GetFSCfgDesc
                0x08010774       0x24 ../../libDaisy/build\libdaisy.a(usbd_cdc.o)
 .text.USBD_CDC_GetHSCfgDesc
                0x08010798       0x24 ../../libDaisy/build\libdaisy.a(usbd_cdc.o)
 .text.USBD_CDC_GetOtherSpeedCfgDesc
                0x080107bc       0x24 ../../libDaisy/build\libdaisy.a(usbd_cdc.o)
 .text.USBD_CDC_GetDeviceQualifierDescriptor
                0x080107e0       0x10 ../../libDaisy/build\libdaisy.a(usbd_cdc.o)
                0x080107e0                USBD_CDC_GetDeviceQualifierDescriptor
 .text.USBD_CDC_DataOut
                0x080107f0       0x30 ../../libDaisy/build\libdaisy.a(usbd_cdc.o)
 .text.USBD_CDC_DataIn
                0x08010820       0x50 ../../libDaisy/build\libdaisy.a(usbd_cdc.o)
 .text.USBD_CDC_Setup
                0x08010870       0xcc ../../libDaisy/build\libdaisy.a(usbd_cdc.o)
 .text.USBD_CDC_DeInit
                0x0801093c       0x44 ../../libDaisy/build\libdaisy.a(usbd_cdc.o)
 .text.USBD_CDC_Init
                0x08010980       0x94 ../../libDaisy/build\libdaisy.a(usbd_cdc.o)
 .text.USBD_CDC_RegisterInterface
                0x08010a14       0x10 ../../libDaisy/build\libdaisy.a(usbd_cdc.o)
                0x08010a14                USBD_CDC_RegisterInterface
 .text.USBD_CDC_SetTxBuffer
                0x08010a24       0x14 ../../libDaisy/build\libdaisy.a(usbd_cdc.o)
                0x08010a24                USBD_CDC_SetTxBuffer
 .text.USBD_CDC_SetRxBuffer
                0x08010a38       0x10 ../../libDaisy/build\libdaisy.a(usbd_cdc.o)
                0x08010a38                USBD_CDC_SetRxBuffer
 .text.USBD_CDC_TransmitPacket
                0x08010a48       0x34 ../../libDaisy/build\libdaisy.a(usbd_cdc.o)
                0x08010a48                USBD_CDC_TransmitPacket
 .text.USBD_CDC_ReceivePacket
                0x08010a7c       0x38 ../../libDaisy/build\libdaisy.a(usbd_cdc.o)
                0x08010a7c                USBD_CDC_ReceivePacket
 .text.USBD_Init
                0x08010ab4       0x44 ../../libDaisy/build\libdaisy.a(usbd_core.o)
                0x08010ab4                USBD_Init
 .text.USBD_RegisterClass
                0x08010af8       0x2c ../../libDaisy/build\libdaisy.a(usbd_core.o)
                0x08010af8                USBD_RegisterClass
 .text.USBD_Start
                0x08010b24        0xc ../../libDaisy/build\libdaisy.a(usbd_core.o)
                0x08010b24                USBD_Start
 .text.USBD_SetClassConfig
                0x08010b30       0x14 ../../libDaisy/build\libdaisy.a(usbd_core.o)
                0x08010b30                USBD_SetClassConfig
 .text.USBD_ClrClassConfig
                0x08010b44       0x10 ../../libDaisy/build\libdaisy.a(usbd_core.o)
                0x08010b44                USBD_ClrClassConfig
 .text.USBD_LL_SetupStage
                0x08010b54       0x5c ../../libDaisy/build\libdaisy.a(usbd_core.o)
                0x08010b54                USBD_LL_SetupStage
 .text.USBD_LL_DataOutStage
                0x08010bb0       0x7c ../../libDaisy/build\libdaisy.a(usbd_core.o)
                0x08010bb0                USBD_LL_DataOutStage
 .text.USBD_LL_DataInStage
                0x08010c2c       0xcc ../../libDaisy/build\libdaisy.a(usbd_core.o)
                0x08010c2c                USBD_LL_DataInStage
 .text.USBD_LL_Reset
                0x08010cf8       0x50 ../../libDaisy/build\libdaisy.a(usbd_core.o)
                0x08010cf8                USBD_LL_Reset
 .text.USBD_LL_SetSpeed
                0x08010d48        0x8 ../../libDaisy/build\libdaisy.a(usbd_core.o)
                0x08010d48                USBD_LL_SetSpeed
 .text.USBD_LL_Suspend
                0x08010d50       0x14 ../../libDaisy/build\libdaisy.a(usbd_core.o)
                0x08010d50                USBD_LL_Suspend
 .text.USBD_LL_Resume
                0x08010d64       0x10 ../../libDaisy/build\libdaisy.a(usbd_core.o)
                0x08010d64                USBD_LL_Resume
 .text.USBD_LL_SOF
                0x08010d74       0x1c ../../libDaisy/build\libdaisy.a(usbd_core.o)
                0x08010d74                USBD_LL_SOF
 .text.USBD_LL_IsoINIncomplete
                0x08010d90        0x4 ../../libDaisy/build\libdaisy.a(usbd_core.o)
                0x08010d90                USBD_LL_IsoINIncomplete
 .text.USBD_LL_IsoOUTIncomplete
                0x08010d94        0x4 ../../libDaisy/build\libdaisy.a(usbd_core.o)
                0x08010d94                USBD_LL_IsoOUTIncomplete
 .text.USBD_LL_DevConnected
                0x08010d98        0x4 ../../libDaisy/build\libdaisy.a(usbd_core.o)
                0x08010d98                USBD_LL_DevConnected
 .text.USBD_LL_DevDisconnected
                0x08010d9c       0x18 ../../libDaisy/build\libdaisy.a(usbd_core.o)
                0x08010d9c                USBD_LL_DevDisconnected
 .text.USBD_StdDevReq
                0x08010db4      0x304 ../../libDaisy/build\libdaisy.a(usbd_ctlreq.o)
                0x08010db4                USBD_StdDevReq
 .text.USBD_StdItfReq
                0x080110b8       0x68 ../../libDaisy/build\libdaisy.a(usbd_ctlreq.o)
                0x080110b8                USBD_StdItfReq
 .text.USBD_StdEPReq
                0x08011120      0x13c ../../libDaisy/build\libdaisy.a(usbd_ctlreq.o)
                0x08011120                USBD_StdEPReq
 .text.USBD_ParseSetupRequest
                0x0801125c       0x28 ../../libDaisy/build\libdaisy.a(usbd_ctlreq.o)
                0x0801125c                USBD_ParseSetupRequest
 .text.USBD_CtlError
                0x08011284       0x18 ../../libDaisy/build\libdaisy.a(usbd_ctlreq.o)
                0x08011284                USBD_CtlError
 .text.USBD_GetString
                0x0801129c       0x54 ../../libDaisy/build\libdaisy.a(usbd_ctlreq.o)
                0x0801129c                USBD_GetString
 .text.USBD_CtlSendData
                0x080112f0       0x1c ../../libDaisy/build\libdaisy.a(usbd_ioreq.o)
                0x080112f0                USBD_CtlSendData
 .text.USBD_CtlContinueSendData
                0x0801130c       0x14 ../../libDaisy/build\libdaisy.a(usbd_ioreq.o)
                0x0801130c                USBD_CtlContinueSendData
 .text.USBD_CtlPrepareRx
                0x08011320       0x1c ../../libDaisy/build\libdaisy.a(usbd_ioreq.o)
                0x08011320                USBD_CtlPrepareRx
 .text.USBD_CtlContinueRx
                0x0801133c       0x14 ../../libDaisy/build\libdaisy.a(usbd_ioreq.o)
                0x0801133c                USBD_CtlContinueRx
 .text.USBD_CtlSendStatus
                0x08011350       0x18 ../../libDaisy/build\libdaisy.a(usbd_ioreq.o)
                0x08011350                USBD_CtlSendStatus
 .text.USBD_CtlReceiveStatus
                0x08011368       0x18 ../../libDaisy/build\libdaisy.a(usbd_ioreq.o)
                0x08011368                USBD_CtlReceiveStatus
 .text.USBH_LL_IncTimer
                0x08011380       0x20 ../../libDaisy/build\libdaisy.a(usbh_core.o)
                0x08011380                USBH_LL_IncTimer
 .text.USBH_LL_PortEnabled
                0x080113a0        0x8 ../../libDaisy/build\libdaisy.a(usbh_core.o)
                0x080113a0                USBH_LL_PortEnabled
 .text.USBH_LL_PortDisabled
                0x080113a8        0x8 ../../libDaisy/build\libdaisy.a(usbh_core.o)
                0x080113a8                USBH_LL_PortDisabled
 .text.USBH_LL_Connect
                0x080113b0       0x18 ../../libDaisy/build\libdaisy.a(usbh_core.o)
                0x080113b0                USBH_LL_Connect
 .text.USBH_LL_Disconnect
                0x080113c8       0x2c ../../libDaisy/build\libdaisy.a(usbh_core.o)
                0x080113c8                USBH_LL_Disconnect
 .text.USBH_FreePipe
                0x080113f4       0x18 ../../libDaisy/build\libdaisy.a(usbh_pipes.o)
                0x080113f4                USBH_FreePipe
 .text._ZN5daisy3Led4InitE12dsy_gpio_pinbf
                0x0801140c       0x48 ../../libDaisy/build\libdaisy.a(led.o)
                0x0801140c                daisy::Led::Init(dsy_gpio_pin, bool, float)
 .text._ZN5daisy3Led3SetEf
                0x08011454       0x24 ../../libDaisy/build\libdaisy.a(led.o)
                0x08011454                daisy::Led::Set(float)
 .text._ZN5daisy3Led6UpdateEv
                0x08011478       0x48 ../../libDaisy/build\libdaisy.a(led.o)
                0x08011478                daisy::Led::Update()
 .text._ZN5daisy6Random4InitEv
                0x080114c0       0x3c ../../libDaisy/build\libdaisy.a(rng.o)
                0x080114c0                daisy::Random::Init()
 .text._ZN5daisy9SpiHandle4Impl7InitDmaEv
                0x080114fc       0xec ../../libDaisy/build\libdaisy.a(spi.o)
                0x080114fc                daisy::SpiHandle::Impl::InitDma()
 .text._ZN5daisy9SpiHandle4Impl10StartDmaTxEPhjPFvPvEPFvS3_NS0_6ResultEES3_
                0x080115e8       0xc8 ../../libDaisy/build\libdaisy.a(spi.o)
                0x080115e8                daisy::SpiHandle::Impl::StartDmaTx(unsigned char*, unsigned int, void (*)(void*), void (*)(void*, daisy::SpiHandle::Result), void*)
 .text._ZN5daisy9SpiHandle4Impl10StartDmaRxEPhjPFvPvEPFvS3_NS0_6ResultEES3_
                0x080116b0       0xc8 ../../libDaisy/build\libdaisy.a(spi.o)
                0x080116b0                daisy::SpiHandle::Impl::StartDmaRx(unsigned char*, unsigned int, void (*)(void*), void (*)(void*, daisy::SpiHandle::Result), void*)
 .text._ZN5daisy9SpiHandle4Impl12StartDmaRxTxEPhS2_jPFvPvEPFvS3_NS0_6ResultEES3_
                0x08011778       0xcc ../../libDaisy/build\libdaisy.a(spi.o)
                0x08011778                daisy::SpiHandle::Impl::StartDmaRxTx(unsigned char*, unsigned char*, unsigned int, void (*)(void*), void (*)(void*, daisy::SpiHandle::Result), void*)
 .text._ZN5daisy9SpiHandle4Impl8InitPinsEv
                0x08011844      0x274 ../../libDaisy/build\libdaisy.a(spi.o)
                0x08011844                daisy::SpiHandle::Impl::InitPins()
 .text.HAL_SPI_MspInit
                0x08011ab8      0x1a8 ../../libDaisy/build\libdaisy.a(spi.o)
                0x08011ab8                HAL_SPI_MspInit
 .text.dsy_spi_global_init
                0x08011c60       0x80 ../../libDaisy/build\libdaisy.a(spi.o)
                0x08011c60                dsy_spi_global_init
 .text.SPI1_IRQHandler
                0x08011ce0        0xc ../../libDaisy/build\libdaisy.a(spi.o)
                0x08011ce0                SPI1_IRQHandler
 .text.SPI2_IRQHandler
                0x08011cec        0xc ../../libDaisy/build\libdaisy.a(spi.o)
                0x08011cec                SPI2_IRQHandler
 .text.SPI3_IRQHandler
                0x08011cf8        0xc ../../libDaisy/build\libdaisy.a(spi.o)
                0x08011cf8                SPI3_IRQHandler
 .text.SPI4_IRQHandler
                0x08011d04        0xc ../../libDaisy/build\libdaisy.a(spi.o)
                0x08011d04                SPI4_IRQHandler
 .text.SPI5_IRQHandler
                0x08011d10        0xc ../../libDaisy/build\libdaisy.a(spi.o)
                0x08011d10                SPI5_IRQHandler
 .text.DMA2_Stream2_IRQHandler
                0x08011d1c       0x34 ../../libDaisy/build\libdaisy.a(spi.o)
                0x08011d1c                DMA2_Stream2_IRQHandler